
> jhasha-restaurant-backend@1.0.0 test
> jest

node.exe : (node:24252) [DEP0040] DeprecationWarning: The `punycode` module is 
deprecated. Please use a userland alternative instead.
At C:\Program Files\nodejs\npm.ps1:29 char:3
+   & $NODE_EXE $NPM_CLI_JS $args
+   ~~~~~~~~~~~~~~~~~~~~~~~~~~~~~
    + CategoryInfo          : NotSpecified: ((node:24252) [D...native instead. 
   :String) [], RemoteException
    + FullyQualifiedErrorId : NativeCommandError
 
(Use `node --trace-deprecation ...` to show where the warning was created)
(node:26696) [DEP0040] DeprecationWarning: The `punycode` module is 
deprecated. Please use a userland alternative instead.
(Use `node --trace-deprecation ...` to show where the warning was created)
(node:22664) [DEP0040] DeprecationWarning: The `punycode` module is 
deprecated. Please use a userland alternative instead.
(Use `node --trace-deprecation ...` to show where the warning was created)
(node:28804) [DEP0040] DeprecationWarning: The `punycode` module is 
deprecated. Please use a userland alternative instead.
(Use `node --trace-deprecation ...` to show where the warning was created)
(node:19104) [DEP0040] DeprecationWarning: The `punycode` module is 
deprecated. Please use a userland alternative instead.
(Use `node --trace-deprecation ...` to show where the warning was created)
(node:11800) [DEP0040] DeprecationWarning: The `punycode` module is 
deprecated. Please use a userland alternative instead.
(Use `node --trace-deprecation ...` to show where the warning was created)
(node:11044) [DEP0040] DeprecationWarning: The `punycode` module is 
deprecated. Please use a userland alternative instead.
(Use `node --trace-deprecation ...` to show where the warning was created)
(node:27200) [DEP0040] DeprecationWarning: The `punycode` module is 
deprecated. Please use a userland alternative instead.
(Use `node --trace-deprecation ...` to show where the warning was created)
(node:25920) [DEP0040] DeprecationWarning: The `punycode` module is 
deprecated. Please use a userland alternative instead.
(Use `node --trace-deprecation ...` to show where the warning was created)
PASS src/__tests__/unit/review.test.ts (15.265 s)
PASS src/__tests__/unit/auth.test.ts (15.315 s)
FAIL src/__tests__/unit/auth.comprehensive.test.ts
  ΓùÅ Test suite failed to run

    
[96msrc/__tests__/unit/auth.comprehensive.test.ts[0m:[93m3[0m:[93m10[0m 
- [91merror[0m[90m TS2305: [0mModule '"../../middleware/auth"' has no 
exported member 'authenticate'.

    [7m3[0m import { authenticate, authorizeRoles } from 
'../../middleware/auth';
    [7m [0m [91m         ~~~~~~~~~~~~[0m
    
[96msrc/__tests__/unit/auth.comprehensive.test.ts[0m:[93m3[0m:[93m24[0m 
- [91merror[0m[90m TS2305: [0mModule '"../../middleware/auth"' has no 
exported member 'authorizeRoles'.

    [7m3[0m import { authenticate, authorizeRoles } from 
'../../middleware/auth';
    [7m [0m [91m                       ~~~~~~~~~~~~~~[0m
    
[96msrc/__tests__/unit/auth.comprehensive.test.ts[0m:[93m26[0m:[93m7[0m 
- [91merror[0m[90m TS2322: [0mType 'Mock<UnknownFunction>' is not 
assignable to type '(code: number) => Response<any, Record<string, any>>'.
      Type '{}' is missing the following properties from type 'Response<any, 
Record<string, any>>': status, sendStatus, links, send, and 89 more.

    [7m26[0m       status: jest.fn().mockReturnThis(),
    [7m  [0m [91m      ~~~~~~[0m

      [96mnode_modules/@types/express-serve-static-core/index.d.ts[0m:[93m69
5[0m:[93m5[0m
        [7m695[0m     status(code: StatusCode): this;
        [7m   [0m [96m    ~~~~~~~~~~~~~~~~~~~~~~~~~~~~~~~[0m
        The expected type comes from property 'status' which is declared here 
on type 'Partial<Response<any, Record<string, any>>>'
    
[96msrc/__tests__/unit/auth.comprehensive.test.ts[0m:[93m27[0m:[93m7[0m 
- [91merror[0m[90m TS2322: [0mType 'Mock<UnknownFunction>' is not 
assignable to type 'Send<any, Response<any, Record<string, any>>>'.
      Type '{}' is missing the following properties from type 'Response<any, 
Record<string, any>>': status, sendStatus, links, send, and 89 more.

    [7m27[0m       json: jest.fn().mockReturnThis()
    [7m  [0m [91m      ~~~~[0m

      [96mnode_modules/@types/express-serve-static-core/index.d.ts[0m:[93m74
4[0m:[93m5[0m
        [7m744[0m     json: Send<ResBody, this>;
        [7m   [0m [96m    ~~~~[0m
        The expected type comes from property 'json' which is declared here on 
type 'Partial<Response<any, Record<string, any>>>'
    
[96msrc/__tests__/unit/auth.comprehensive.test.ts[0m:[93m42[0m:[93m22[0m 
- [91merror[0m[90m TS2339: [0mProperty 'user' does not exist on type 
'Partial<Request<ParamsDictionary, any, any, ParsedQs, Record<string, any>>>'.

    [7m42[0m       expect(mockReq.user).toEqual(mockDecoded);
    [7m  [0m [91m                     ~~~~[0m
    [96msrc/__tests__/unit/auth.comprehensive.test.ts[0m:[93m148[0m:[93m22
[0m - [91merror[0m[90m TS2339: [0mProperty 'user' does not exist on type 
'Partial<Request<ParamsDictionary, any, any, ParsedQs, Record<string, any>>>'.

    [7m148[0m       expect(mockReq.user).toEqual(mockDecoded);
    [7m   [0m [91m                     ~~~~[0m
    [96msrc/__tests__/unit/auth.comprehensive.test.ts[0m:[93m149[0m:[93m22
[0m - [91merror[0m[90m TS2339: [0mProperty 'user' does not exist on type 
'Partial<Request<ParamsDictionary, any, any, ParsedQs, Record<string, any>>>'.

    [7m149[0m       expect(mockReq.user).toHaveProperty('id');
    [7m   [0m [91m                     ~~~~[0m
    [96msrc/__tests__/unit/auth.comprehensive.test.ts[0m:[93m150[0m:[93m22
[0m - [91merror[0m[90m TS2339: [0mProperty 'user' does not exist on type 
'Partial<Request<ParamsDictionary, any, any, ParsedQs, Record<string, any>>>'.

    [7m150[0m       expect(mockReq.user).toHaveProperty('role');
    [7m   [0m [91m                     ~~~~[0m
    [96msrc/__tests__/unit/auth.comprehensive.test.ts[0m:[93m190[0m:[93m15
[0m - [91merror[0m[90m TS2339: [0mProperty 'user' does not exist on type 
'Partial<Request<ParamsDictionary, any, any, ParsedQs, Record<string, any>>>'.

    [7m190[0m       mockReq.user = { id: 'user123', role: 'admin' };
    [7m   [0m [91m              ~~~~[0m
    [96msrc/__tests__/unit/auth.comprehensive.test.ts[0m:[93m200[0m:[93m15
[0m - [91merror[0m[90m TS2339: [0mProperty 'user' does not exist on type 
'Partial<Request<ParamsDictionary, any, any, ParsedQs, Record<string, any>>>'.

    [7m200[0m       mockReq.user = { id: 'user123', role: 'user' };
    [7m   [0m [91m              ~~~~[0m
    [96msrc/__tests__/unit/auth.comprehensive.test.ts[0m:[93m214[0m:[93m15
[0m - [91merror[0m[90m TS2339: [0mProperty 'user' does not exist on type 
'Partial<Request<ParamsDictionary, any, any, ParsedQs, Record<string, any>>>'.

    [7m214[0m       mockReq.user = undefined;
    [7m   [0m [91m              ~~~~[0m
    [96msrc/__tests__/unit/auth.comprehensive.test.ts[0m:[93m223[0m:[93m15
[0m - [91merror[0m[90m TS2339: [0mProperty 'user' does not exist on type 
'Partial<Request<ParamsDictionary, any, any, ParsedQs, Record<string, any>>>'.

    [7m223[0m       mockReq.user = { id: 'user123', role: 'admin' };
    [7m   [0m [91m              ~~~~[0m
    [96msrc/__tests__/unit/auth.comprehensive.test.ts[0m:[93m232[0m:[93m15
[0m - [91merror[0m[90m TS2339: [0mProperty 'user' does not exist on type 
'Partial<Request<ParamsDictionary, any, any, ParsedQs, Record<string, any>>>'.

    [7m232[0m       mockReq.user = { id: 'user123', role: 'moderator' };
    [7m   [0m [91m              ~~~~[0m
    [96msrc/__tests__/unit/auth.comprehensive.test.ts[0m:[93m241[0m:[93m15
[0m - [91merror[0m[90m TS2339: [0mProperty 'user' does not exist on type 
'Partial<Request<ParamsDictionary, any, any, ParsedQs, Record<string, any>>>'.

    [7m241[0m       mockReq.user = { id: 'user123', role: 'Admin' };
    [7m   [0m [91m              ~~~~[0m
    [96msrc/__tests__/unit/auth.comprehensive.test.ts[0m:[93m251[0m:[93m15
[0m - [91merror[0m[90m TS2339: [0mProperty 'user' does not exist on type 
'Partial<Request<ParamsDictionary, any, any, ParsedQs, Record<string, any>>>'.

    [7m251[0m       mockReq.user = { id: 'user123' } as any;
    [7m   [0m [91m              ~~~~[0m
    [96msrc/__tests__/unit/auth.comprehensive.test.ts[0m:[93m260[0m:[93m15
[0m - [91merror[0m[90m TS2339: [0mProperty 'user' does not exist on type 
'Partial<Request<ParamsDictionary, any, any, ParsedQs, Record<string, any>>>'.

    [7m260[0m       mockReq.user = { id: 'user123', role: 'kitchen_staff' };
    [7m   [0m [91m              ~~~~[0m
    [96msrc/__tests__/unit/auth.comprehensive.test.ts[0m:[93m269[0m:[93m15
[0m - [91merror[0m[90m TS2339: [0mProperty 'user' does not exist on type 
'Partial<Request<ParamsDictionary, any, any, ParsedQs, Record<string, any>>>'.

    [7m269[0m       mockReq.user = { id: 'user123', role: 'delivery_staff' };
    [7m   [0m [91m              ~~~~[0m
    [96msrc/__tests__/unit/auth.comprehensive.test.ts[0m:[93m278[0m:[93m15
[0m - [91merror[0m[90m TS2339: [0mProperty 'user' does not exist on type 
'Partial<Request<ParamsDictionary, any, any, ParsedQs, Record<string, any>>>'.

    [7m278[0m       mockReq.user = { id: 'user123', role: 'kitchen_staff' };
    [7m   [0m [91m              ~~~~[0m
    [96msrc/__tests__/unit/auth.comprehensive.test.ts[0m:[93m358[0m:[93m15
[0m - [91merror[0m[90m TS2339: [0mProperty 'user' does not exist on type 
'Partial<Request<ParamsDictionary, any, any, ParsedQs, Record<string, any>>>'.

    [7m358[0m       mockReq.user = { id: 'user123', role: 'admin' };
    [7m   [0m [91m              ~~~~[0m

(node:26892) [DEP0040] DeprecationWarning: The `punycode` module is 
deprecated. Please use a userland alternative instead.
(Use `node --trace-deprecation ...` to show where the warning was created)
FAIL src/__tests__/integration/food.comprehensive.test.ts
  ΓùÅ Test suite failed to run

    [96msrc/__tests__/integration/food.comprehensive.test.ts[0m:[93m4[0m:[
93m8[0m - [91merror[0m[90m TS1192: [0mModule '"C:/Users/A S P I R E 
7/Desktop/New/backend/src/app"' has no default export.

    [7m4[0m import app from '../../app';
    [7m [0m [91m       ~~~[0m
    [96msrc/__tests__/integration/food.comprehensive.test.ts[0m:[93m7[0m:[
93m10[0m - [91merror[0m[90m TS2459: [0mModule '"../../utils/helpers"' 
declares 'generateToken' locally, but it is not exported.

    [7m7[0m import { generateToken } from '../../utils/helpers';
    [7m [0m [91m         ~~~~~~~~~~~~~[0m

      [96msrc/utils/helpers.ts[0m:[93m5[0m:[93m7[0m
        [7m5[0m const generateToken = (userId, role) => {
        [7m [0m [96m      ~~~~~~~~~~~~~[0m
        'generateToken' is declared here.

(node:4628) [DEP0040] DeprecationWarning: The `punycode` module is deprecated. 
Please use a userland alternative instead.
(Use `node --trace-deprecation ...` to show where the warning was created)
PASS src/__tests__/unit/aboutUs.test.ts (15.494 s)
PASS src/__tests__/unit/errorHandler.test.ts (15.372 s)
  ΓùÅ Console

    console.error
      Error: Test error
          at Object.<anonymous> (C:\Users\A S P I R E 
7\Desktop\New\backend\src\__tests__\unit\errorHandler.test.ts:8:11)
          at Promise.then.completed (C:\Users\A S P I R E 
7\Desktop\New\backend\node_modules\jest-circus\build\utils.js:298:28)
          at new Promise (<anonymous>)
          at callAsyncCircusFn (C:\Users\A S P I R E 
7\Desktop\New\backend\node_modules\jest-circus\build\utils.js:231:10)
          at _callCircusHook (C:\Users\A S P I R E 
7\Desktop\New\backend\node_modules\jest-circus\build\run.js:281:40)
          at processTicksAndRejections 
(node:internal/process/task_queues:105:5)
          at _runTest (C:\Users\A S P I R E 
7\Desktop\New\backend\node_modules\jest-circus\build\run.js:246:5)
          at _runTestsForDescribeBlock (C:\Users\A S P I R E 
7\Desktop\New\backend\node_modules\jest-circus\build\run.js:126:9)
          at _runTestsForDescribeBlock (C:\Users\A S P I R E 
7\Desktop\New\backend\node_modules\jest-circus\build\run.js:121:9)
          at run (C:\Users\A S P I R E 
7\Desktop\New\backend\node_modules\jest-circus\build\run.js:71:3)
          at runAndTransformResultsToJestFormat (C:\Users\A S P I R E 7\Desktop
\New\backend\node_modules\jest-circus\build\legacy-code-todo-rewrite\jestAdapte
rInit.js:122:21)
          at jestAdapter (C:\Users\A S P I R E 7\Desktop\New\backend\node_modul
es\jest-circus\build\legacy-code-todo-rewrite\jestAdapter.js:79:19)
          at runTestInternal (C:\Users\A S P I R E 
7\Desktop\New\backend\node_modules\jest-runner\build\runTest.js:367:16)
          at runTest (C:\Users\A S P I R E 
7\Desktop\New\backend\node_modules\jest-runner\build\runTest.js:444:34)
          at Object.worker (C:\Users\A S P I R E 
7\Desktop\New\backend\node_modules\jest-runner\build\testWorker.js:106:12)

    [0m [90m 2 |[39m
     [90m 3 |[39m [36mconst[39m errorHandler [33m=[39m (err[33m:[39m 
any[33m,[39m req[33m:[39m [33mRequest[39m[33m,[39m res[33m:[39m 
[33mResponse[39m[33m,[39m next[33m:[39m [33mNextFunction[39m) 
[33m=>[39m {
    [31m[1m>[22m[39m[90m 4 |[39m   
console[33m.[39merror(err[33m.[39mstack)[33m;[39m
     [90m   |[39m           [31m[1m^[22m[39m
     [90m 5 |[39m
     [90m 6 |[39m   [36mif[39m (err[33m.[39mname [33m===[39m 
[32m'ValidationError'[39m) {
     [90m 7 |[39m     [36mreturn[39m 
res[33m.[39mstatus([35m400[39m)[33m.[39mjson({[0m

      at errorHandler (src/middleware/errorHandler.ts:4:11)
      at Object.<anonymous> (src/__tests__/unit/errorHandler.test.ts:22:5)

    console.error
      Error: Test error
          at Object.<anonymous> (C:\Users\A S P I R E 
7\Desktop\New\backend\src\__tests__\unit\errorHandler.test.ts:8:11)
          at Promise.then.completed (C:\Users\A S P I R E 
7\Desktop\New\backend\node_modules\jest-circus\build\utils.js:298:28)
          at new Promise (<anonymous>)
          at callAsyncCircusFn (C:\Users\A S P I R E 
7\Desktop\New\backend\node_modules\jest-circus\build\utils.js:231:10)
          at _callCircusHook (C:\Users\A S P I R E 
7\Desktop\New\backend\node_modules\jest-circus\build\run.js:281:40)
          at processTicksAndRejections 
(node:internal/process/task_queues:105:5)
          at _runTest (C:\Users\A S P I R E 
7\Desktop\New\backend\node_modules\jest-circus\build\run.js:246:5)
          at _runTestsForDescribeBlock (C:\Users\A S P I R E 
7\Desktop\New\backend\node_modules\jest-circus\build\run.js:126:9)
          at _runTestsForDescribeBlock (C:\Users\A S P I R E 
7\Desktop\New\backend\node_modules\jest-circus\build\run.js:121:9)
          at run (C:\Users\A S P I R E 
7\Desktop\New\backend\node_modules\jest-circus\build\run.js:71:3)
          at runAndTransformResultsToJestFormat (C:\Users\A S P I R E 7\Desktop
\New\backend\node_modules\jest-circus\build\legacy-code-todo-rewrite\jestAdapte
rInit.js:122:21)
          at jestAdapter (C:\Users\A S P I R E 7\Desktop\New\backend\node_modul
es\jest-circus\build\legacy-code-todo-rewrite\jestAdapter.js:79:19)
          at runTestInternal (C:\Users\A S P I R E 
7\Desktop\New\backend\node_modules\jest-runner\build\runTest.js:367:16)
          at runTest (C:\Users\A S P I R E 
7\Desktop\New\backend\node_modules\jest-runner\build\runTest.js:444:34)
          at Object.worker (C:\Users\A S P I R E 
7\Desktop\New\backend\node_modules\jest-runner\build\testWorker.js:106:12)

    [0m [90m 2 |[39m
     [90m 3 |[39m [36mconst[39m errorHandler [33m=[39m (err[33m:[39m 
any[33m,[39m req[33m:[39m [33mRequest[39m[33m,[39m res[33m:[39m 
[33mResponse[39m[33m,[39m next[33m:[39m [33mNextFunction[39m) 
[33m=>[39m {
    [31m[1m>[22m[39m[90m 4 |[39m   
console[33m.[39merror(err[33m.[39mstack)[33m;[39m
     [90m   |[39m           [31m[1m^[22m[39m
     [90m 5 |[39m
     [90m 6 |[39m   [36mif[39m (err[33m.[39mname [33m===[39m 
[32m'ValidationError'[39m) {
     [90m 7 |[39m     [36mreturn[39m 
res[33m.[39mstatus([35m400[39m)[33m.[39mjson({[0m

      at errorHandler (src/middleware/errorHandler.ts:4:11)
      at Object.<anonymous> (src/__tests__/unit/errorHandler.test.ts:29:5)

    console.error
      Error: Test error
          at Object.<anonymous> (C:\Users\A S P I R E 
7\Desktop\New\backend\src\__tests__\unit\errorHandler.test.ts:8:11)
          at Promise.then.completed (C:\Users\A S P I R E 
7\Desktop\New\backend\node_modules\jest-circus\build\utils.js:298:28)
          at new Promise (<anonymous>)
          at callAsyncCircusFn (C:\Users\A S P I R E 
7\Desktop\New\backend\node_modules\jest-circus\build\utils.js:231:10)
          at _callCircusHook (C:\Users\A S P I R E 
7\Desktop\New\backend\node_modules\jest-circus\build\run.js:281:40)
          at processTicksAndRejections 
(node:internal/process/task_queues:105:5)
          at _runTest (C:\Users\A S P I R E 
7\Desktop\New\backend\node_modules\jest-circus\build\run.js:246:5)
          at _runTestsForDescribeBlock (C:\Users\A S P I R E 
7\Desktop\New\backend\node_modules\jest-circus\build\run.js:126:9)
          at _runTestsForDescribeBlock (C:\Users\A S P I R E 
7\Desktop\New\backend\node_modules\jest-circus\build\run.js:121:9)
          at run (C:\Users\A S P I R E 
7\Desktop\New\backend\node_modules\jest-circus\build\run.js:71:3)
          at runAndTransformResultsToJestFormat (C:\Users\A S P I R E 7\Desktop
\New\backend\node_modules\jest-circus\build\legacy-code-todo-rewrite\jestAdapte
rInit.js:122:21)
          at jestAdapter (C:\Users\A S P I R E 7\Desktop\New\backend\node_modul
es\jest-circus\build\legacy-code-todo-rewrite\jestAdapter.js:79:19)
          at runTestInternal (C:\Users\A S P I R E 
7\Desktop\New\backend\node_modules\jest-runner\build\runTest.js:367:16)
          at runTest (C:\Users\A S P I R E 
7\Desktop\New\backend\node_modules\jest-runner\build\runTest.js:444:34)
          at Object.worker (C:\Users\A S P I R E 
7\Desktop\New\backend\node_modules\jest-runner\build\testWorker.js:106:12)

    [0m [90m 2 |[39m
     [90m 3 |[39m [36mconst[39m errorHandler [33m=[39m (err[33m:[39m 
any[33m,[39m req[33m:[39m [33mRequest[39m[33m,[39m res[33m:[39m 
[33mResponse[39m[33m,[39m next[33m:[39m [33mNextFunction[39m) 
[33m=>[39m {
    [31m[1m>[22m[39m[90m 4 |[39m   
console[33m.[39merror(err[33m.[39mstack)[33m;[39m
     [90m   |[39m           [31m[1m^[22m[39m
     [90m 5 |[39m
     [90m 6 |[39m   [36mif[39m (err[33m.[39mname [33m===[39m 
[32m'ValidationError'[39m) {
     [90m 7 |[39m     [36mreturn[39m 
res[33m.[39mstatus([35m400[39m)[33m.[39mjson({[0m

      at errorHandler (src/middleware/errorHandler.ts:4:11)
      at Object.<anonymous> (src/__tests__/unit/errorHandler.test.ts:35:5)

    console.error
      ValidationError: Test error
          at Object.<anonymous> (C:\Users\A S P I R E 
7\Desktop\New\backend\src\__tests__\unit\errorHandler.test.ts:8:11)
          at Promise.then.completed (C:\Users\A S P I R E 
7\Desktop\New\backend\node_modules\jest-circus\build\utils.js:298:28)
          at new Promise (<anonymous>)
          at callAsyncCircusFn (C:\Users\A S P I R E 
7\Desktop\New\backend\node_modules\jest-circus\build\utils.js:231:10)
          at _callCircusHook (C:\Users\A S P I R E 
7\Desktop\New\backend\node_modules\jest-circus\build\run.js:281:40)
          at processTicksAndRejections 
(node:internal/process/task_queues:105:5)
          at _runTest (C:\Users\A S P I R E 
7\Desktop\New\backend\node_modules\jest-circus\build\run.js:246:5)
          at _runTestsForDescribeBlock (C:\Users\A S P I R E 
7\Desktop\New\backend\node_modules\jest-circus\build\run.js:126:9)
          at _runTestsForDescribeBlock (C:\Users\A S P I R E 
7\Desktop\New\backend\node_modules\jest-circus\build\run.js:121:9)
          at run (C:\Users\A S P I R E 
7\Desktop\New\backend\node_modules\jest-circus\build\run.js:71:3)
          at runAndTransformResultsToJestFormat (C:\Users\A S P I R E 7\Desktop
\New\backend\node_modules\jest-circus\build\legacy-code-todo-rewrite\jestAdapte
rInit.js:122:21)
          at jestAdapter (C:\Users\A S P I R E 7\Desktop\New\backend\node_modul
es\jest-circus\build\legacy-code-todo-rewrite\jestAdapter.js:79:19)
          at runTestInternal (C:\Users\A S P I R E 
7\Desktop\New\backend\node_modules\jest-runner\build\runTest.js:367:16)
          at runTest (C:\Users\A S P I R E 
7\Desktop\New\backend\node_modules\jest-runner\build\runTest.js:444:34)
          at Object.worker (C:\Users\A S P I R E 
7\Desktop\New\backend\node_modules\jest-runner\build\testWorker.js:106:12)

    [0m [90m 2 |[39m
     [90m 3 |[39m [36mconst[39m errorHandler [33m=[39m (err[33m:[39m 
any[33m,[39m req[33m:[39m [33mRequest[39m[33m,[39m res[33m:[39m 
[33mResponse[39m[33m,[39m next[33m:[39m [33mNextFunction[39m) 
[33m=>[39m {
    [31m[1m>[22m[39m[90m 4 |[39m   
console[33m.[39merror(err[33m.[39mstack)[33m;[39m
     [90m   |[39m           [31m[1m^[22m[39m
     [90m 5 |[39m
     [90m 6 |[39m   [36mif[39m (err[33m.[39mname [33m===[39m 
[32m'ValidationError'[39m) {
     [90m 7 |[39m     [36mreturn[39m 
res[33m.[39mstatus([35m400[39m)[33m.[39mjson({[0m

      at errorHandler (src/middleware/errorHandler.ts:4:11)
      at Object.<anonymous> (src/__tests__/unit/errorHandler.test.ts:44:5)

    console.error
      CastError: Test error
          at Object.<anonymous> (C:\Users\A S P I R E 
7\Desktop\New\backend\src\__tests__\unit\errorHandler.test.ts:8:11)
          at Promise.then.completed (C:\Users\A S P I R E 
7\Desktop\New\backend\node_modules\jest-circus\build\utils.js:298:28)
          at new Promise (<anonymous>)
          at callAsyncCircusFn (C:\Users\A S P I R E 
7\Desktop\New\backend\node_modules\jest-circus\build\utils.js:231:10)
          at _callCircusHook (C:\Users\A S P I R E 
7\Desktop\New\backend\node_modules\jest-circus\build\run.js:281:40)
          at processTicksAndRejections 
(node:internal/process/task_queues:105:5)
          at _runTest (C:\Users\A S P I R E 
7\Desktop\New\backend\node_modules\jest-circus\build\run.js:246:5)
          at _runTestsForDescribeBlock (C:\Users\A S P I R E 
7\Desktop\New\backend\node_modules\jest-circus\build\run.js:126:9)
          at _runTestsForDescribeBlock (C:\Users\A S P I R E 
7\Desktop\New\backend\node_modules\jest-circus\build\run.js:121:9)
          at run (C:\Users\A S P I R E 
7\Desktop\New\backend\node_modules\jest-circus\build\run.js:71:3)
          at runAndTransformResultsToJestFormat (C:\Users\A S P I R E 7\Desktop
\New\backend\node_modules\jest-circus\build\legacy-code-todo-rewrite\jestAdapte
rInit.js:122:21)
          at jestAdapter (C:\Users\A S P I R E 7\Desktop\New\backend\node_modul
es\jest-circus\build\legacy-code-todo-rewrite\jestAdapter.js:79:19)
          at runTestInternal (C:\Users\A S P I R E 
7\Desktop\New\backend\node_modules\jest-runner\build\runTest.js:367:16)
          at runTest (C:\Users\A S P I R E 
7\Desktop\New\backend\node_modules\jest-runner\build\runTest.js:444:34)
          at Object.worker (C:\Users\A S P I R E 
7\Desktop\New\backend\node_modules\jest-runner\build\testWorker.js:106:12)

    [0m [90m 2 |[39m
     [90m 3 |[39m [36mconst[39m errorHandler [33m=[39m (err[33m:[39m 
any[33m,[39m req[33m:[39m [33mRequest[39m[33m,[39m res[33m:[39m 
[33mResponse[39m[33m,[39m next[33m:[39m [33mNextFunction[39m) 
[33m=>[39m {
    [31m[1m>[22m[39m[90m 4 |[39m   
console[33m.[39merror(err[33m.[39mstack)[33m;[39m
     [90m   |[39m           [31m[1m^[22m[39m
     [90m 5 |[39m
     [90m 6 |[39m   [36mif[39m (err[33m.[39mname [33m===[39m 
[32m'ValidationError'[39m) {
     [90m 7 |[39m     [36mreturn[39m 
res[33m.[39mstatus([35m400[39m)[33m.[39mjson({[0m

      at errorHandler (src/middleware/errorHandler.ts:4:11)
      at Object.<anonymous> (src/__tests__/unit/errorHandler.test.ts:53:5)

    console.error
      Error: Not Found
          at Object.<anonymous> (C:\Users\A S P I R E 
7\Desktop\New\backend\src\__tests__\unit\errorHandler.test.ts:8:11)
          at Promise.then.completed (C:\Users\A S P I R E 
7\Desktop\New\backend\node_modules\jest-circus\build\utils.js:298:28)
          at new Promise (<anonymous>)
          at callAsyncCircusFn (C:\Users\A S P I R E 
7\Desktop\New\backend\node_modules\jest-circus\build\utils.js:231:10)
          at _callCircusHook (C:\Users\A S P I R E 
7\Desktop\New\backend\node_modules\jest-circus\build\run.js:281:40)
          at processTicksAndRejections 
(node:internal/process/task_queues:105:5)
          at _runTest (C:\Users\A S P I R E 
7\Desktop\New\backend\node_modules\jest-circus\build\run.js:246:5)
          at _runTestsForDescribeBlock (C:\Users\A S P I R E 
7\Desktop\New\backend\node_modules\jest-circus\build\run.js:126:9)
          at _runTestsForDescribeBlock (C:\Users\A S P I R E 
7\Desktop\New\backend\node_modules\jest-circus\build\run.js:121:9)
          at run (C:\Users\A S P I R E 
7\Desktop\New\backend\node_modules\jest-circus\build\run.js:71:3)
          at runAndTransformResultsToJestFormat (C:\Users\A S P I R E 7\Desktop
\New\backend\node_modules\jest-circus\build\legacy-code-todo-rewrite\jestAdapte
rInit.js:122:21)
          at jestAdapter (C:\Users\A S P I R E 7\Desktop\New\backend\node_modul
es\jest-circus\build\legacy-code-todo-rewrite\jestAdapter.js:79:19)
          at runTestInternal (C:\Users\A S P I R E 
7\Desktop\New\backend\node_modules\jest-runner\build\runTest.js:367:16)
          at runTest (C:\Users\A S P I R E 
7\Desktop\New\backend\node_modules\jest-runner\build\runTest.js:444:34)
          at Object.worker (C:\Users\A S P I R E 
7\Desktop\New\backend\node_modules\jest-runner\build\testWorker.js:106:12)

    [0m [90m 2 |[39m
     [90m 3 |[39m [36mconst[39m errorHandler [33m=[39m (err[33m:[39m 
any[33m,[39m req[33m:[39m [33mRequest[39m[33m,[39m res[33m:[39m 
[33mResponse[39m[33m,[39m next[33m:[39m [33mNextFunction[39m) 
[33m=>[39m {
    [31m[1m>[22m[39m[90m 4 |[39m   
console[33m.[39merror(err[33m.[39mstack)[33m;[39m
     [90m   |[39m           [31m[1m^[22m[39m
     [90m 5 |[39m
     [90m 6 |[39m   [36mif[39m (err[33m.[39mname [33m===[39m 
[32m'ValidationError'[39m) {
     [90m 7 |[39m     [36mreturn[39m 
res[33m.[39mstatus([35m400[39m)[33m.[39mjson({[0m

      at errorHandler (src/middleware/errorHandler.ts:4:11)
      at Object.<anonymous> (src/__tests__/unit/errorHandler.test.ts:63:5)

    console.error
      Error: Test error
          at Object.<anonymous> (C:\Users\A S P I R E 
7\Desktop\New\backend\src\__tests__\unit\errorHandler.test.ts:8:11)
          at Promise.then.completed (C:\Users\A S P I R E 
7\Desktop\New\backend\node_modules\jest-circus\build\utils.js:298:28)
          at new Promise (<anonymous>)
          at callAsyncCircusFn (C:\Users\A S P I R E 
7\Desktop\New\backend\node_modules\jest-circus\build\utils.js:231:10)
          at _callCircusHook (C:\Users\A S P I R E 
7\Desktop\New\backend\node_modules\jest-circus\build\run.js:281:40)
          at processTicksAndRejections 
(node:internal/process/task_queues:105:5)
          at _runTest (C:\Users\A S P I R E 
7\Desktop\New\backend\node_modules\jest-circus\build\run.js:246:5)
          at _runTestsForDescribeBlock (C:\Users\A S P I R E 
7\Desktop\New\backend\node_modules\jest-circus\build\run.js:126:9)
          at _runTestsForDescribeBlock (C:\Users\A S P I R E 
7\Desktop\New\backend\node_modules\jest-circus\build\run.js:121:9)
          at run (C:\Users\A S P I R E 
7\Desktop\New\backend\node_modules\jest-circus\build\run.js:71:3)
          at runAndTransformResultsToJestFormat (C:\Users\A S P I R E 7\Desktop
\New\backend\node_modules\jest-circus\build\legacy-code-todo-rewrite\jestAdapte
rInit.js:122:21)
          at jestAdapter (C:\Users\A S P I R E 7\Desktop\New\backend\node_modul
es\jest-circus\build\legacy-code-todo-rewrite\jestAdapter.js:79:19)
          at runTestInternal (C:\Users\A S P I R E 
7\Desktop\New\backend\node_modules\jest-runner\build\runTest.js:367:16)
          at runTest (C:\Users\A S P I R E 
7\Desktop\New\backend\node_modules\jest-runner\build\runTest.js:444:34)
          at Object.worker (C:\Users\A S P I R E 
7\Desktop\New\backend\node_modules\jest-runner\build\testWorker.js:106:12)

    [0m [90m 2 |[39m
     [90m 3 |[39m [36mconst[39m errorHandler [33m=[39m (err[33m:[39m 
any[33m,[39m req[33m:[39m [33mRequest[39m[33m,[39m res[33m:[39m 
[33mResponse[39m[33m,[39m next[33m:[39m [33mNextFunction[39m) 
[33m=>[39m {
    [31m[1m>[22m[39m[90m 4 |[39m   
console[33m.[39merror(err[33m.[39mstack)[33m;[39m
     [90m   |[39m           [31m[1m^[22m[39m
     [90m 5 |[39m
     [90m 6 |[39m   [36mif[39m (err[33m.[39mname [33m===[39m 
[32m'ValidationError'[39m) {
     [90m 7 |[39m     [36mreturn[39m 
res[33m.[39mstatus([35m400[39m)[33m.[39mjson({[0m

      at errorHandler (src/middleware/errorHandler.ts:4:11)
      at Object.<anonymous> (src/__tests__/unit/errorHandler.test.ts:72:5)

    console.error
      Error: Test error
          at Object.<anonymous> (C:\Users\A S P I R E 
7\Desktop\New\backend\src\__tests__\unit\errorHandler.test.ts:8:11)
          at Promise.then.completed (C:\Users\A S P I R E 
7\Desktop\New\backend\node_modules\jest-circus\build\utils.js:298:28)
          at new Promise (<anonymous>)
          at callAsyncCircusFn (C:\Users\A S P I R E 
7\Desktop\New\backend\node_modules\jest-circus\build\utils.js:231:10)
          at _callCircusHook (C:\Users\A S P I R E 
7\Desktop\New\backend\node_modules\jest-circus\build\run.js:281:40)
          at processTicksAndRejections 
(node:internal/process/task_queues:105:5)
          at _runTest (C:\Users\A S P I R E 
7\Desktop\New\backend\node_modules\jest-circus\build\run.js:246:5)
          at _runTestsForDescribeBlock (C:\Users\A S P I R E 
7\Desktop\New\backend\node_modules\jest-circus\build\run.js:126:9)
          at _runTestsForDescribeBlock (C:\Users\A S P I R E 
7\Desktop\New\backend\node_modules\jest-circus\build\run.js:121:9)
          at run (C:\Users\A S P I R E 
7\Desktop\New\backend\node_modules\jest-circus\build\run.js:71:3)
          at runAndTransformResultsToJestFormat (C:\Users\A S P I R E 7\Desktop
\New\backend\node_modules\jest-circus\build\legacy-code-todo-rewrite\jestAdapte
rInit.js:122:21)
          at jestAdapter (C:\Users\A S P I R E 7\Desktop\New\backend\node_modul
es\jest-circus\build\legacy-code-todo-rewrite\jestAdapter.js:79:19)
          at runTestInternal (C:\Users\A S P I R E 
7\Desktop\New\backend\node_modules\jest-runner\build\runTest.js:367:16)
          at runTest (C:\Users\A S P I R E 
7\Desktop\New\backend\node_modules\jest-runner\build\runTest.js:444:34)
          at Object.worker (C:\Users\A S P I R E 
7\Desktop\New\backend\node_modules\jest-runner\build\testWorker.js:106:12)

    [0m [90m 2 |[39m
     [90m 3 |[39m [36mconst[39m errorHandler [33m=[39m (err[33m:[39m 
any[33m,[39m req[33m:[39m [33mRequest[39m[33m,[39m res[33m:[39m 
[33mResponse[39m[33m,[39m next[33m:[39m [33mNextFunction[39m) 
[33m=>[39m {
    [31m[1m>[22m[39m[90m 4 |[39m   
console[33m.[39merror(err[33m.[39mstack)[33m;[39m
     [90m   |[39m           [31m[1m^[22m[39m
     [90m 5 |[39m
     [90m 6 |[39m   [36mif[39m (err[33m.[39mname [33m===[39m 
[32m'ValidationError'[39m) {
     [90m 7 |[39m     [36mreturn[39m 
res[33m.[39mstatus([35m400[39m)[33m.[39mjson({[0m

      at errorHandler (src/middleware/errorHandler.ts:4:11)
      at Object.<anonymous> (src/__tests__/unit/errorHandler.test.ts:81:5)

    console.error
      JsonWebTokenError: Test error
          at Object.<anonymous> (C:\Users\A S P I R E 
7\Desktop\New\backend\src\__tests__\unit\errorHandler.test.ts:8:11)
          at Promise.then.completed (C:\Users\A S P I R E 
7\Desktop\New\backend\node_modules\jest-circus\build\utils.js:298:28)
          at new Promise (<anonymous>)
          at callAsyncCircusFn (C:\Users\A S P I R E 
7\Desktop\New\backend\node_modules\jest-circus\build\utils.js:231:10)
          at _callCircusHook (C:\Users\A S P I R E 
7\Desktop\New\backend\node_modules\jest-circus\build\run.js:281:40)
          at processTicksAndRejections 
(node:internal/process/task_queues:105:5)
          at _runTest (C:\Users\A S P I R E 
7\Desktop\New\backend\node_modules\jest-circus\build\run.js:246:5)
          at _runTestsForDescribeBlock (C:\Users\A S P I R E 
7\Desktop\New\backend\node_modules\jest-circus\build\run.js:126:9)
          at _runTestsForDescribeBlock (C:\Users\A S P I R E 
7\Desktop\New\backend\node_modules\jest-circus\build\run.js:121:9)
          at run (C:\Users\A S P I R E 
7\Desktop\New\backend\node_modules\jest-circus\build\run.js:71:3)
          at runAndTransformResultsToJestFormat (C:\Users\A S P I R E 7\Desktop
\New\backend\node_modules\jest-circus\build\legacy-code-todo-rewrite\jestAdapte
rInit.js:122:21)
          at jestAdapter (C:\Users\A S P I R E 7\Desktop\New\backend\node_modul
es\jest-circus\build\legacy-code-todo-rewrite\jestAdapter.js:79:19)
          at runTestInternal (C:\Users\A S P I R E 
7\Desktop\New\backend\node_modules\jest-runner\build\runTest.js:367:16)
          at runTest (C:\Users\A S P I R E 
7\Desktop\New\backend\node_modules\jest-runner\build\runTest.js:444:34)
          at Object.worker (C:\Users\A S P I R E 
7\Desktop\New\backend\node_modules\jest-runner\build\testWorker.js:106:12)

    [0m [90m 2 |[39m
     [90m 3 |[39m [36mconst[39m errorHandler [33m=[39m (err[33m:[39m 
any[33m,[39m req[33m:[39m [33mRequest[39m[33m,[39m res[33m:[39m 
[33mResponse[39m[33m,[39m next[33m:[39m [33mNextFunction[39m) 
[33m=>[39m {
    [31m[1m>[22m[39m[90m 4 |[39m   
console[33m.[39merror(err[33m.[39mstack)[33m;[39m
     [90m   |[39m           [31m[1m^[22m[39m
     [90m 5 |[39m
     [90m 6 |[39m   [36mif[39m (err[33m.[39mname [33m===[39m 
[32m'ValidationError'[39m) {
     [90m 7 |[39m     [36mreturn[39m 
res[33m.[39mstatus([35m400[39m)[33m.[39mjson({[0m

      at errorHandler (src/middleware/errorHandler.ts:4:11)
      at Object.<anonymous> (src/__tests__/unit/errorHandler.test.ts:90:5)

    console.error
      TokenExpiredError: Test error
          at Object.<anonymous> (C:\Users\A S P I R E 
7\Desktop\New\backend\src\__tests__\unit\errorHandler.test.ts:8:11)
          at Promise.then.completed (C:\Users\A S P I R E 
7\Desktop\New\backend\node_modules\jest-circus\build\utils.js:298:28)
          at new Promise (<anonymous>)
          at callAsyncCircusFn (C:\Users\A S P I R E 
7\Desktop\New\backend\node_modules\jest-circus\build\utils.js:231:10)
          at _callCircusHook (C:\Users\A S P I R E 
7\Desktop\New\backend\node_modules\jest-circus\build\run.js:281:40)
          at processTicksAndRejections 
(node:internal/process/task_queues:105:5)
          at _runTest (C:\Users\A S P I R E 
7\Desktop\New\backend\node_modules\jest-circus\build\run.js:246:5)
          at _runTestsForDescribeBlock (C:\Users\A S P I R E 
7\Desktop\New\backend\node_modules\jest-circus\build\run.js:126:9)
          at _runTestsForDescribeBlock (C:\Users\A S P I R E 
7\Desktop\New\backend\node_modules\jest-circus\build\run.js:121:9)
          at run (C:\Users\A S P I R E 
7\Desktop\New\backend\node_modules\jest-circus\build\run.js:71:3)
          at runAndTransformResultsToJestFormat (C:\Users\A S P I R E 7\Desktop
\New\backend\node_modules\jest-circus\build\legacy-code-todo-rewrite\jestAdapte
rInit.js:122:21)
          at jestAdapter (C:\Users\A S P I R E 7\Desktop\New\backend\node_modul
es\jest-circus\build\legacy-code-todo-rewrite\jestAdapter.js:79:19)
          at runTestInternal (C:\Users\A S P I R E 
7\Desktop\New\backend\node_modules\jest-runner\build\runTest.js:367:16)
          at runTest (C:\Users\A S P I R E 
7\Desktop\New\backend\node_modules\jest-runner\build\runTest.js:444:34)
          at Object.worker (C:\Users\A S P I R E 
7\Desktop\New\backend\node_modules\jest-runner\build\testWorker.js:106:12)

    [0m [90m 2 |[39m
     [90m 3 |[39m [36mconst[39m errorHandler [33m=[39m (err[33m:[39m 
any[33m,[39m req[33m:[39m [33mRequest[39m[33m,[39m res[33m:[39m 
[33mResponse[39m[33m,[39m next[33m:[39m [33mNextFunction[39m) 
[33m=>[39m {
    [31m[1m>[22m[39m[90m 4 |[39m   
console[33m.[39merror(err[33m.[39mstack)[33m;[39m
     [90m   |[39m           [31m[1m^[22m[39m
     [90m 5 |[39m
     [90m 6 |[39m   [36mif[39m (err[33m.[39mname [33m===[39m 
[32m'ValidationError'[39m) {
     [90m 7 |[39m     [36mreturn[39m 
res[33m.[39mstatus([35m400[39m)[33m.[39mjson({[0m

      at errorHandler (src/middleware/errorHandler.ts:4:11)
      at Object.<anonymous> (src/__tests__/unit/errorHandler.test.ts:99:5)

    console.error
      Error: Custom error message
          at Object.<anonymous> (C:\Users\A S P I R E 
7\Desktop\New\backend\src\__tests__\unit\errorHandler.test.ts:8:11)
          at Promise.then.completed (C:\Users\A S P I R E 
7\Desktop\New\backend\node_modules\jest-circus\build\utils.js:298:28)
          at new Promise (<anonymous>)
          at callAsyncCircusFn (C:\Users\A S P I R E 
7\Desktop\New\backend\node_modules\jest-circus\build\utils.js:231:10)
          at _callCircusHook (C:\Users\A S P I R E 
7\Desktop\New\backend\node_modules\jest-circus\build\run.js:281:40)
          at processTicksAndRejections 
(node:internal/process/task_queues:105:5)
          at _runTest (C:\Users\A S P I R E 
7\Desktop\New\backend\node_modules\jest-circus\build\run.js:246:5)
          at _runTestsForDescribeBlock (C:\Users\A S P I R E 
7\Desktop\New\backend\node_modules\jest-circus\build\run.js:126:9)
          at _runTestsForDescribeBlock (C:\Users\A S P I R E 
7\Desktop\New\backend\node_modules\jest-circus\build\run.js:121:9)
          at run (C:\Users\A S P I R E 
7\Desktop\New\backend\node_modules\jest-circus\build\run.js:71:3)
          at runAndTransformResultsToJestFormat (C:\Users\A S P I R E 7\Desktop
\New\backend\node_modules\jest-circus\build\legacy-code-todo-rewrite\jestAdapte
rInit.js:122:21)
          at jestAdapter (C:\Users\A S P I R E 7\Desktop\New\backend\node_modul
es\jest-circus\build\legacy-code-todo-rewrite\jestAdapter.js:79:19)
          at runTestInternal (C:\Users\A S P I R E 
7\Desktop\New\backend\node_modules\jest-runner\build\runTest.js:367:16)
          at runTest (C:\Users\A S P I R E 
7\Desktop\New\backend\node_modules\jest-runner\build\runTest.js:444:34)
          at Object.worker (C:\Users\A S P I R E 
7\Desktop\New\backend\node_modules\jest-runner\build\testWorker.js:106:12)

    [0m [90m 2 |[39m
     [90m 3 |[39m [36mconst[39m errorHandler [33m=[39m (err[33m:[39m 
any[33m,[39m req[33m:[39m [33mRequest[39m[33m,[39m res[33m:[39m 
[33mResponse[39m[33m,[39m next[33m:[39m [33mNextFunction[39m) 
[33m=>[39m {
    [31m[1m>[22m[39m[90m 4 |[39m   
console[33m.[39merror(err[33m.[39mstack)[33m;[39m
     [90m   |[39m           [31m[1m^[22m[39m
     [90m 5 |[39m
     [90m 6 |[39m   [36mif[39m (err[33m.[39mname [33m===[39m 
[32m'ValidationError'[39m) {
     [90m 7 |[39m     [36mreturn[39m 
res[33m.[39mstatus([35m400[39m)[33m.[39mjson({[0m

      at errorHandler (src/middleware/errorHandler.ts:4:11)
      at Object.<anonymous> (src/__tests__/unit/errorHandler.test.ts:108:5)

    console.error
      Error: Test error
          at Object.<anonymous> (C:\Users\A S P I R E 
7\Desktop\New\backend\src\__tests__\unit\errorHandler.test.ts:8:11)
          at Promise.then.completed (C:\Users\A S P I R E 
7\Desktop\New\backend\node_modules\jest-circus\build\utils.js:298:28)
          at new Promise (<anonymous>)
          at callAsyncCircusFn (C:\Users\A S P I R E 
7\Desktop\New\backend\node_modules\jest-circus\build\utils.js:231:10)
          at _callCircusHook (C:\Users\A S P I R E 
7\Desktop\New\backend\node_modules\jest-circus\build\run.js:281:40)
          at processTicksAndRejections 
(node:internal/process/task_queues:105:5)
          at _runTest (C:\Users\A S P I R E 
7\Desktop\New\backend\node_modules\jest-circus\build\run.js:246:5)
          at _runTestsForDescribeBlock (C:\Users\A S P I R E 
7\Desktop\New\backend\node_modules\jest-circus\build\run.js:126:9)
          at _runTestsForDescribeBlock (C:\Users\A S P I R E 
7\Desktop\New\backend\node_modules\jest-circus\build\run.js:121:9)
          at run (C:\Users\A S P I R E 
7\Desktop\New\backend\node_modules\jest-circus\build\run.js:71:3)
          at runAndTransformResultsToJestFormat (C:\Users\A S P I R E 7\Desktop
\New\backend\node_modules\jest-circus\build\legacy-code-todo-rewrite\jestAdapte
rInit.js:122:21)
          at jestAdapter (C:\Users\A S P I R E 7\Desktop\New\backend\node_modul
es\jest-circus\build\legacy-code-todo-rewrite\jestAdapter.js:79:19)
          at runTestInternal (C:\Users\A S P I R E 
7\Desktop\New\backend\node_modules\jest-runner\build\runTest.js:367:16)
          at runTest (C:\Users\A S P I R E 
7\Desktop\New\backend\node_modules\jest-runner\build\runTest.js:444:34)
          at Object.worker (C:\Users\A S P I R E 
7\Desktop\New\backend\node_modules\jest-runner\build\testWorker.js:106:12)

    [0m [90m 2 |[39m
     [90m 3 |[39m [36mconst[39m errorHandler [33m=[39m (err[33m:[39m 
any[33m,[39m req[33m:[39m [33mRequest[39m[33m,[39m res[33m:[39m 
[33mResponse[39m[33m,[39m next[33m:[39m [33mNextFunction[39m) 
[33m=>[39m {
    [31m[1m>[22m[39m[90m 4 |[39m   
console[33m.[39merror(err[33m.[39mstack)[33m;[39m
     [90m   |[39m           [31m[1m^[22m[39m
     [90m 5 |[39m
     [90m 6 |[39m   [36mif[39m (err[33m.[39mname [33m===[39m 
[32m'ValidationError'[39m) {
     [90m 7 |[39m     [36mreturn[39m 
res[33m.[39mstatus([35m400[39m)[33m.[39mjson({[0m

      at errorHandler (src/middleware/errorHandler.ts:4:11)
      at Object.<anonymous> (src/__tests__/unit/errorHandler.test.ts:115:5)

    console.error
      Error: Test error
          at Object.<anonymous> (C:\Users\A S P I R E 
7\Desktop\New\backend\src\__tests__\unit\errorHandler.test.ts:8:11)
          at Promise.then.completed (C:\Users\A S P I R E 
7\Desktop\New\backend\node_modules\jest-circus\build\utils.js:298:28)
          at new Promise (<anonymous>)
          at callAsyncCircusFn (C:\Users\A S P I R E 
7\Desktop\New\backend\node_modules\jest-circus\build\utils.js:231:10)
          at _callCircusHook (C:\Users\A S P I R E 
7\Desktop\New\backend\node_modules\jest-circus\build\run.js:281:40)
          at processTicksAndRejections 
(node:internal/process/task_queues:105:5)
          at _runTest (C:\Users\A S P I R E 
7\Desktop\New\backend\node_modules\jest-circus\build\run.js:246:5)
          at _runTestsForDescribeBlock (C:\Users\A S P I R E 
7\Desktop\New\backend\node_modules\jest-circus\build\run.js:126:9)
          at _runTestsForDescribeBlock (C:\Users\A S P I R E 
7\Desktop\New\backend\node_modules\jest-circus\build\run.js:121:9)
          at run (C:\Users\A S P I R E 
7\Desktop\New\backend\node_modules\jest-circus\build\run.js:71:3)
          at runAndTransformResultsToJestFormat (C:\Users\A S P I R E 7\Desktop
\New\backend\node_modules\jest-circus\build\legacy-code-todo-rewrite\jestAdapte
rInit.js:122:21)
          at jestAdapter (C:\Users\A S P I R E 7\Desktop\New\backend\node_modul
es\jest-circus\build\legacy-code-todo-rewrite\jestAdapter.js:79:19)
          at runTestInternal (C:\Users\A S P I R E 
7\Desktop\New\backend\node_modules\jest-runner\build\runTest.js:367:16)
          at runTest (C:\Users\A S P I R E 
7\Desktop\New\backend\node_modules\jest-runner\build\runTest.js:444:34)
          at Object.worker (C:\Users\A S P I R E 
7\Desktop\New\backend\node_modules\jest-runner\build\testWorker.js:106:12)

    [0m [90m 2 |[39m
     [90m 3 |[39m [36mconst[39m errorHandler [33m=[39m (err[33m:[39m 
any[33m,[39m req[33m:[39m [33mRequest[39m[33m,[39m res[33m:[39m 
[33mResponse[39m[33m,[39m next[33m:[39m [33mNextFunction[39m) 
[33m=>[39m {
    [31m[1m>[22m[39m[90m 4 |[39m   
console[33m.[39merror(err[33m.[39mstack)[33m;[39m
     [90m   |[39m           [31m[1m^[22m[39m
     [90m 5 |[39m
     [90m 6 |[39m   [36mif[39m (err[33m.[39mname [33m===[39m 
[32m'ValidationError'[39m) {
     [90m 7 |[39m     [36mreturn[39m 
res[33m.[39mstatus([35m400[39m)[33m.[39mjson({[0m

      at errorHandler (src/middleware/errorHandler.ts:4:11)
      at Object.<anonymous> (src/__tests__/unit/errorHandler.test.ts:122:5)

    console.error
      Error: Test error message
          at Object.<anonymous> (C:\Users\A S P I R E 
7\Desktop\New\backend\src\__tests__\unit\errorHandler.test.ts:8:11)
          at Promise.then.completed (C:\Users\A S P I R E 
7\Desktop\New\backend\node_modules\jest-circus\build\utils.js:298:28)
          at new Promise (<anonymous>)
          at callAsyncCircusFn (C:\Users\A S P I R E 
7\Desktop\New\backend\node_modules\jest-circus\build\utils.js:231:10)
          at _callCircusHook (C:\Users\A S P I R E 
7\Desktop\New\backend\node_modules\jest-circus\build\run.js:281:40)
          at processTicksAndRejections 
(node:internal/process/task_queues:105:5)
          at _runTest (C:\Users\A S P I R E 
7\Desktop\New\backend\node_modules\jest-circus\build\run.js:246:5)
          at _runTestsForDescribeBlock (C:\Users\A S P I R E 
7\Desktop\New\backend\node_modules\jest-circus\build\run.js:126:9)
          at _runTestsForDescribeBlock (C:\Users\A S P I R E 
7\Desktop\New\backend\node_modules\jest-circus\build\run.js:121:9)
          at run (C:\Users\A S P I R E 
7\Desktop\New\backend\node_modules\jest-circus\build\run.js:71:3)
          at runAndTransformResultsToJestFormat (C:\Users\A S P I R E 7\Desktop
\New\backend\node_modules\jest-circus\build\legacy-code-todo-rewrite\jestAdapte
rInit.js:122:21)
          at jestAdapter (C:\Users\A S P I R E 7\Desktop\New\backend\node_modul
es\jest-circus\build\legacy-code-todo-rewrite\jestAdapter.js:79:19)
          at runTestInternal (C:\Users\A S P I R E 
7\Desktop\New\backend\node_modules\jest-runner\build\runTest.js:367:16)
          at runTest (C:\Users\A S P I R E 
7\Desktop\New\backend\node_modules\jest-runner\build\runTest.js:444:34)
          at Object.worker (C:\Users\A S P I R E 
7\Desktop\New\backend\node_modules\jest-runner\build\testWorker.js:106:12)

    [0m [90m 2 |[39m
     [90m 3 |[39m [36mconst[39m errorHandler [33m=[39m (err[33m:[39m 
any[33m,[39m req[33m:[39m [33mRequest[39m[33m,[39m res[33m:[39m 
[33mResponse[39m[33m,[39m next[33m:[39m [33mNextFunction[39m) 
[33m=>[39m {
    [31m[1m>[22m[39m[90m 4 |[39m   
console[33m.[39merror(err[33m.[39mstack)[33m;[39m
     [90m   |[39m           [31m[1m^[22m[39m
     [90m 5 |[39m
     [90m 6 |[39m   [36mif[39m (err[33m.[39mname [33m===[39m 
[32m'ValidationError'[39m) {
     [90m 7 |[39m     [36mreturn[39m 
res[33m.[39mstatus([35m400[39m)[33m.[39mjson({[0m

      at errorHandler (src/middleware/errorHandler.ts:4:11)
      at Object.<anonymous> (src/__tests__/unit/errorHandler.test.ts:131:5)

    console.error
      Error: 
          at Object.<anonymous> (C:\Users\A S P I R E 
7\Desktop\New\backend\src\__tests__\unit\errorHandler.test.ts:8:11)
          at Promise.then.completed (C:\Users\A S P I R E 
7\Desktop\New\backend\node_modules\jest-circus\build\utils.js:298:28)
          at new Promise (<anonymous>)
          at callAsyncCircusFn (C:\Users\A S P I R E 
7\Desktop\New\backend\node_modules\jest-circus\build\utils.js:231:10)
          at _callCircusHook (C:\Users\A S P I R E 
7\Desktop\New\backend\node_modules\jest-circus\build\run.js:281:40)
          at processTicksAndRejections 
(node:internal/process/task_queues:105:5)
          at _runTest (C:\Users\A S P I R E 
7\Desktop\New\backend\node_modules\jest-circus\build\run.js:246:5)
          at _runTestsForDescribeBlock (C:\Users\A S P I R E 
7\Desktop\New\backend\node_modules\jest-circus\build\run.js:126:9)
          at _runTestsForDescribeBlock (C:\Users\A S P I R E 
7\Desktop\New\backend\node_modules\jest-circus\build\run.js:121:9)
          at run (C:\Users\A S P I R E 
7\Desktop\New\backend\node_modules\jest-circus\build\run.js:71:3)
          at runAndTransformResultsToJestFormat (C:\Users\A S P I R E 7\Desktop
\New\backend\node_modules\jest-circus\build\legacy-code-todo-rewrite\jestAdapte
rInit.js:122:21)
          at jestAdapter (C:\Users\A S P I R E 7\Desktop\New\backend\node_modul
es\jest-circus\build\legacy-code-todo-rewrite\jestAdapter.js:79:19)
          at runTestInternal (C:\Users\A S P I R E 
7\Desktop\New\backend\node_modules\jest-runner\build\runTest.js:367:16)
          at runTest (C:\Users\A S P I R E 
7\Desktop\New\backend\node_modules\jest-runner\build\runTest.js:444:34)
          at Object.worker (C:\Users\A S P I R E 
7\Desktop\New\backend\node_modules\jest-runner\build\testWorker.js:106:12)

    [0m [90m 2 |[39m
     [90m 3 |[39m [36mconst[39m errorHandler [33m=[39m (err[33m:[39m 
any[33m,[39m req[33m:[39m [33mRequest[39m[33m,[39m res[33m:[39m 
[33mResponse[39m[33m,[39m next[33m:[39m [33mNextFunction[39m) 
[33m=>[39m {
    [31m[1m>[22m[39m[90m 4 |[39m   
console[33m.[39merror(err[33m.[39mstack)[33m;[39m
     [90m   |[39m           [31m[1m^[22m[39m
     [90m 5 |[39m
     [90m 6 |[39m   [36mif[39m (err[33m.[39mname [33m===[39m 
[32m'ValidationError'[39m) {
     [90m 7 |[39m     [36mreturn[39m 
res[33m.[39mstatus([35m400[39m)[33m.[39mjson({[0m

      at errorHandler (src/middleware/errorHandler.ts:4:11)
      at Object.<anonymous> (src/__tests__/unit/errorHandler.test.ts:141:5)

    console.error
      Error: Test error
          at Object.<anonymous> (C:\Users\A S P I R E 
7\Desktop\New\backend\src\__tests__\unit\errorHandler.test.ts:8:11)
          at Promise.then.completed (C:\Users\A S P I R E 
7\Desktop\New\backend\node_modules\jest-circus\build\utils.js:298:28)
          at new Promise (<anonymous>)
          at callAsyncCircusFn (C:\Users\A S P I R E 
7\Desktop\New\backend\node_modules\jest-circus\build\utils.js:231:10)
          at _callCircusHook (C:\Users\A S P I R E 
7\Desktop\New\backend\node_modules\jest-circus\build\run.js:281:40)
          at processTicksAndRejections 
(node:internal/process/task_queues:105:5)
          at _runTest (C:\Users\A S P I R E 
7\Desktop\New\backend\node_modules\jest-circus\build\run.js:246:5)
          at _runTestsForDescribeBlock (C:\Users\A S P I R E 
7\Desktop\New\backend\node_modules\jest-circus\build\run.js:126:9)
          at _runTestsForDescribeBlock (C:\Users\A S P I R E 
7\Desktop\New\backend\node_modules\jest-circus\build\run.js:121:9)
          at run (C:\Users\A S P I R E 
7\Desktop\New\backend\node_modules\jest-circus\build\run.js:71:3)
          at runAndTransformResultsToJestFormat (C:\Users\A S P I R E 7\Desktop
\New\backend\node_modules\jest-circus\build\legacy-code-todo-rewrite\jestAdapte
rInit.js:122:21)
          at jestAdapter (C:\Users\A S P I R E 7\Desktop\New\backend\node_modul
es\jest-circus\build\legacy-code-todo-rewrite\jestAdapter.js:79:19)
          at runTestInternal (C:\Users\A S P I R E 
7\Desktop\New\backend\node_modules\jest-runner\build\runTest.js:367:16)
          at runTest (C:\Users\A S P I R E 
7\Desktop\New\backend\node_modules\jest-runner\build\runTest.js:444:34)
          at Object.worker (C:\Users\A S P I R E 
7\Desktop\New\backend\node_modules\jest-runner\build\testWorker.js:106:12)

    [0m [90m 2 |[39m
     [90m 3 |[39m [36mconst[39m errorHandler [33m=[39m (err[33m:[39m 
any[33m,[39m req[33m:[39m [33mRequest[39m[33m,[39m res[33m:[39m 
[33mResponse[39m[33m,[39m next[33m:[39m [33mNextFunction[39m) 
[33m=>[39m {
    [31m[1m>[22m[39m[90m 4 |[39m   
console[33m.[39merror(err[33m.[39mstack)[33m;[39m
     [90m   |[39m           [31m[1m^[22m[39m
     [90m 5 |[39m
     [90m 6 |[39m   [36mif[39m (err[33m.[39mname [33m===[39m 
[32m'ValidationError'[39m) {
     [90m 7 |[39m     [36mreturn[39m 
res[33m.[39mstatus([35m400[39m)[33m.[39mjson({[0m

      at errorHandler (src/middleware/errorHandler.ts:4:11)
      at Object.<anonymous> (src/__tests__/unit/errorHandler.test.ts:149:5)

    console.error
      Error: Test error
          at Object.<anonymous> (C:\Users\A S P I R E 
7\Desktop\New\backend\src\__tests__\unit\errorHandler.test.ts:8:11)
          at Promise.then.completed (C:\Users\A S P I R E 
7\Desktop\New\backend\node_modules\jest-circus\build\utils.js:298:28)
          at new Promise (<anonymous>)
          at callAsyncCircusFn (C:\Users\A S P I R E 
7\Desktop\New\backend\node_modules\jest-circus\build\utils.js:231:10)
          at _callCircusHook (C:\Users\A S P I R E 
7\Desktop\New\backend\node_modules\jest-circus\build\run.js:281:40)
          at processTicksAndRejections 
(node:internal/process/task_queues:105:5)
          at _runTest (C:\Users\A S P I R E 
7\Desktop\New\backend\node_modules\jest-circus\build\run.js:246:5)
          at _runTestsForDescribeBlock (C:\Users\A S P I R E 
7\Desktop\New\backend\node_modules\jest-circus\build\run.js:126:9)
          at _runTestsForDescribeBlock (C:\Users\A S P I R E 
7\Desktop\New\backend\node_modules\jest-circus\build\run.js:121:9)
          at run (C:\Users\A S P I R E 
7\Desktop\New\backend\node_modules\jest-circus\build\run.js:71:3)
          at runAndTransformResultsToJestFormat (C:\Users\A S P I R E 7\Desktop
\New\backend\node_modules\jest-circus\build\legacy-code-todo-rewrite\jestAdapte
rInit.js:122:21)
          at jestAdapter (C:\Users\A S P I R E 7\Desktop\New\backend\node_modul
es\jest-circus\build\legacy-code-todo-rewrite\jestAdapter.js:79:19)
          at runTestInternal (C:\Users\A S P I R E 
7\Desktop\New\backend\node_modules\jest-runner\build\runTest.js:367:16)
          at runTest (C:\Users\A S P I R E 
7\Desktop\New\backend\node_modules\jest-runner\build\runTest.js:444:34)
          at Object.worker (C:\Users\A S P I R E 
7\Desktop\New\backend\node_modules\jest-runner\build\testWorker.js:106:12)

    [0m [90m 2 |[39m
     [90m 3 |[39m [36mconst[39m errorHandler [33m=[39m (err[33m:[39m 
any[33m,[39m req[33m:[39m [33mRequest[39m[33m,[39m res[33m:[39m 
[33mResponse[39m[33m,[39m next[33m:[39m [33mNextFunction[39m) 
[33m=>[39m {
    [31m[1m>[22m[39m[90m 4 |[39m   
console[33m.[39merror(err[33m.[39mstack)[33m;[39m
     [90m   |[39m           [31m[1m^[22m[39m
     [90m 5 |[39m
     [90m 6 |[39m   [36mif[39m (err[33m.[39mname [33m===[39m 
[32m'ValidationError'[39m) {
     [90m 7 |[39m     [36mreturn[39m 
res[33m.[39mstatus([35m400[39m)[33m.[39mjson({[0m

      at errorHandler (src/middleware/errorHandler.ts:4:11)
      at Object.<anonymous> (src/__tests__/unit/errorHandler.test.ts:157:5)

    console.error
      Error: Test error
          at Object.<anonymous> (C:\Users\A S P I R E 
7\Desktop\New\backend\src\__tests__\unit\errorHandler.test.ts:8:11)
          at Promise.then.completed (C:\Users\A S P I R E 
7\Desktop\New\backend\node_modules\jest-circus\build\utils.js:298:28)
          at new Promise (<anonymous>)
          at callAsyncCircusFn (C:\Users\A S P I R E 
7\Desktop\New\backend\node_modules\jest-circus\build\utils.js:231:10)
          at _callCircusHook (C:\Users\A S P I R E 
7\Desktop\New\backend\node_modules\jest-circus\build\run.js:281:40)
          at processTicksAndRejections 
(node:internal/process/task_queues:105:5)
          at _runTest (C:\Users\A S P I R E 
7\Desktop\New\backend\node_modules\jest-circus\build\run.js:246:5)
          at _runTestsForDescribeBlock (C:\Users\A S P I R E 
7\Desktop\New\backend\node_modules\jest-circus\build\run.js:126:9)
          at _runTestsForDescribeBlock (C:\Users\A S P I R E 
7\Desktop\New\backend\node_modules\jest-circus\build\run.js:121:9)
          at run (C:\Users\A S P I R E 
7\Desktop\New\backend\node_modules\jest-circus\build\run.js:71:3)
          at runAndTransformResultsToJestFormat (C:\Users\A S P I R E 7\Desktop
\New\backend\node_modules\jest-circus\build\legacy-code-todo-rewrite\jestAdapte
rInit.js:122:21)
          at jestAdapter (C:\Users\A S P I R E 7\Desktop\New\backend\node_modul
es\jest-circus\build\legacy-code-todo-rewrite\jestAdapter.js:79:19)
          at runTestInternal (C:\Users\A S P I R E 
7\Desktop\New\backend\node_modules\jest-runner\build\runTest.js:367:16)
          at runTest (C:\Users\A S P I R E 
7\Desktop\New\backend\node_modules\jest-runner\build\runTest.js:444:34)
          at Object.worker (C:\Users\A S P I R E 
7\Desktop\New\backend\node_modules\jest-runner\build\testWorker.js:106:12)

    [0m [90m 2 |[39m
     [90m 3 |[39m [36mconst[39m errorHandler [33m=[39m (err[33m:[39m 
any[33m,[39m req[33m:[39m [33mRequest[39m[33m,[39m res[33m:[39m 
[33mResponse[39m[33m,[39m next[33m:[39m [33mNextFunction[39m) 
[33m=>[39m {
    [31m[1m>[22m[39m[90m 4 |[39m   
console[33m.[39merror(err[33m.[39mstack)[33m;[39m
     [90m   |[39m           [31m[1m^[22m[39m
     [90m 5 |[39m
     [90m 6 |[39m   [36mif[39m (err[33m.[39mname [33m===[39m 
[32m'ValidationError'[39m) {
     [90m 7 |[39m     [36mreturn[39m 
res[33m.[39mstatus([35m400[39m)[33m.[39mjson({[0m

      at errorHandler (src/middleware/errorHandler.ts:4:11)
      at Object.<anonymous> (src/__tests__/unit/errorHandler.test.ts:168:5)

    console.error
      Error: Test error
          at Object.<anonymous> (C:\Users\A S P I R E 
7\Desktop\New\backend\src\__tests__\unit\errorHandler.test.ts:8:11)
          at Promise.then.completed (C:\Users\A S P I R E 
7\Desktop\New\backend\node_modules\jest-circus\build\utils.js:298:28)
          at new Promise (<anonymous>)
          at callAsyncCircusFn (C:\Users\A S P I R E 
7\Desktop\New\backend\node_modules\jest-circus\build\utils.js:231:10)
          at _callCircusHook (C:\Users\A S P I R E 
7\Desktop\New\backend\node_modules\jest-circus\build\run.js:281:40)
          at processTicksAndRejections 
(node:internal/process/task_queues:105:5)
          at _runTest (C:\Users\A S P I R E 
7\Desktop\New\backend\node_modules\jest-circus\build\run.js:246:5)
          at _runTestsForDescribeBlock (C:\Users\A S P I R E 
7\Desktop\New\backend\node_modules\jest-circus\build\run.js:126:9)
          at _runTestsForDescribeBlock (C:\Users\A S P I R E 
7\Desktop\New\backend\node_modules\jest-circus\build\run.js:121:9)
          at run (C:\Users\A S P I R E 
7\Desktop\New\backend\node_modules\jest-circus\build\run.js:71:3)
          at runAndTransformResultsToJestFormat (C:\Users\A S P I R E 7\Desktop
\New\backend\node_modules\jest-circus\build\legacy-code-todo-rewrite\jestAdapte
rInit.js:122:21)
          at jestAdapter (C:\Users\A S P I R E 7\Desktop\New\backend\node_modul
es\jest-circus\build\legacy-code-todo-rewrite\jestAdapter.js:79:19)
          at runTestInternal (C:\Users\A S P I R E 
7\Desktop\New\backend\node_modules\jest-runner\build\runTest.js:367:16)
          at runTest (C:\Users\A S P I R E 
7\Desktop\New\backend\node_modules\jest-runner\build\runTest.js:444:34)
          at Object.worker (C:\Users\A S P I R E 
7\Desktop\New\backend\node_modules\jest-runner\build\testWorker.js:106:12)

    [0m [90m 2 |[39m
     [90m 3 |[39m [36mconst[39m errorHandler [33m=[39m (err[33m:[39m 
any[33m,[39m req[33m:[39m [33mRequest[39m[33m,[39m res[33m:[39m 
[33mResponse[39m[33m,[39m next[33m:[39m [33mNextFunction[39m) 
[33m=>[39m {
    [31m[1m>[22m[39m[90m 4 |[39m   
console[33m.[39merror(err[33m.[39mstack)[33m;[39m
     [90m   |[39m           [31m[1m^[22m[39m
     [90m 5 |[39m
     [90m 6 |[39m   [36mif[39m (err[33m.[39mname [33m===[39m 
[32m'ValidationError'[39m) {
     [90m 7 |[39m     [36mreturn[39m 
res[33m.[39mstatus([35m400[39m)[33m.[39mjson({[0m

      at errorHandler (src/middleware/errorHandler.ts:4:11)
      at Object.<anonymous> (src/__tests__/unit/errorHandler.test.ts:174:5)

    console.error
      Error: Test error
          at Object.<anonymous> (C:\Users\A S P I R E 
7\Desktop\New\backend\src\__tests__\unit\errorHandler.test.ts:8:11)
          at Promise.then.completed (C:\Users\A S P I R E 
7\Desktop\New\backend\node_modules\jest-circus\build\utils.js:298:28)
          at new Promise (<anonymous>)
          at callAsyncCircusFn (C:\Users\A S P I R E 
7\Desktop\New\backend\node_modules\jest-circus\build\utils.js:231:10)
          at _callCircusHook (C:\Users\A S P I R E 
7\Desktop\New\backend\node_modules\jest-circus\build\run.js:281:40)
          at processTicksAndRejections 
(node:internal/process/task_queues:105:5)
          at _runTest (C:\Users\A S P I R E 
7\Desktop\New\backend\node_modules\jest-circus\build\run.js:246:5)
          at _runTestsForDescribeBlock (C:\Users\A S P I R E 
7\Desktop\New\backend\node_modules\jest-circus\build\run.js:126:9)
          at _runTestsForDescribeBlock (C:\Users\A S P I R E 
7\Desktop\New\backend\node_modules\jest-circus\build\run.js:121:9)
          at run (C:\Users\A S P I R E 
7\Desktop\New\backend\node_modules\jest-circus\build\run.js:71:3)
          at runAndTransformResultsToJestFormat (C:\Users\A S P I R E 7\Desktop
\New\backend\node_modules\jest-circus\build\legacy-code-todo-rewrite\jestAdapte
rInit.js:122:21)
          at jestAdapter (C:\Users\A S P I R E 7\Desktop\New\backend\node_modul
es\jest-circus\build\legacy-code-todo-rewrite\jestAdapter.js:79:19)
          at runTestInternal (C:\Users\A S P I R E 
7\Desktop\New\backend\node_modules\jest-runner\build\runTest.js:367:16)
          at runTest (C:\Users\A S P I R E 
7\Desktop\New\backend\node_modules\jest-runner\build\runTest.js:444:34)
          at Object.worker (C:\Users\A S P I R E 
7\Desktop\New\backend\node_modules\jest-runner\build\testWorker.js:106:12)

    [0m [90m 2 |[39m
     [90m 3 |[39m [36mconst[39m errorHandler [33m=[39m (err[33m:[39m 
any[33m,[39m req[33m:[39m [33mRequest[39m[33m,[39m res[33m:[39m 
[33mResponse[39m[33m,[39m next[33m:[39m [33mNextFunction[39m) 
[33m=>[39m {
    [31m[1m>[22m[39m[90m 4 |[39m   
console[33m.[39merror(err[33m.[39mstack)[33m;[39m
     [90m   |[39m           [31m[1m^[22m[39m
     [90m 5 |[39m
     [90m 6 |[39m   [36mif[39m (err[33m.[39mname [33m===[39m 
[32m'ValidationError'[39m) {
     [90m 7 |[39m     [36mreturn[39m 
res[33m.[39mstatus([35m400[39m)[33m.[39mjson({[0m

      at errorHandler (src/middleware/errorHandler.ts:4:11)
      at Object.<anonymous> (src/__tests__/unit/errorHandler.test.ts:180:5)

    console.error
      Error: Another error
          at Object.<anonymous> (C:\Users\A S P I R E 
7\Desktop\New\backend\src\__tests__\unit\errorHandler.test.ts:182:11)
          at Promise.then.completed (C:\Users\A S P I R E 
7\Desktop\New\backend\node_modules\jest-circus\build\utils.js:298:28)
          at new Promise (<anonymous>)
          at callAsyncCircusFn (C:\Users\A S P I R E 
7\Desktop\New\backend\node_modules\jest-circus\build\utils.js:231:10)
          at _callCircusTest (C:\Users\A S P I R E 
7\Desktop\New\backend\node_modules\jest-circus\build\run.js:316:40)
          at processTicksAndRejections 
(node:internal/process/task_queues:105:5)
          at _runTest (C:\Users\A S P I R E 
7\Desktop\New\backend\node_modules\jest-circus\build\run.js:252:3)
          at _runTestsForDescribeBlock (C:\Users\A S P I R E 
7\Desktop\New\backend\node_modules\jest-circus\build\run.js:126:9)
          at _runTestsForDescribeBlock (C:\Users\A S P I R E 
7\Desktop\New\backend\node_modules\jest-circus\build\run.js:121:9)
          at run (C:\Users\A S P I R E 
7\Desktop\New\backend\node_modules\jest-circus\build\run.js:71:3)
          at runAndTransformResultsToJestFormat (C:\Users\A S P I R E 7\Desktop
\New\backend\node_modules\jest-circus\build\legacy-code-todo-rewrite\jestAdapte
rInit.js:122:21)
          at jestAdapter (C:\Users\A S P I R E 7\Desktop\New\backend\node_modul
es\jest-circus\build\legacy-code-todo-rewrite\jestAdapter.js:79:19)
          at runTestInternal (C:\Users\A S P I R E 
7\Desktop\New\backend\node_modules\jest-runner\build\runTest.js:367:16)
          at runTest (C:\Users\A S P I R E 
7\Desktop\New\backend\node_modules\jest-runner\build\runTest.js:444:34)
          at Object.worker (C:\Users\A S P I R E 
7\Desktop\New\backend\node_modules\jest-runner\build\testWorker.js:106:12)

    [0m [90m 2 |[39m
     [90m 3 |[39m [36mconst[39m errorHandler [33m=[39m (err[33m:[39m 
any[33m,[39m req[33m:[39m [33mRequest[39m[33m,[39m res[33m:[39m 
[33mResponse[39m[33m,[39m next[33m:[39m [33mNextFunction[39m) 
[33m=>[39m {
    [31m[1m>[22m[39m[90m 4 |[39m   
console[33m.[39merror(err[33m.[39mstack)[33m;[39m
     [90m   |[39m           [31m[1m^[22m[39m
     [90m 5 |[39m
     [90m 6 |[39m   [36mif[39m (err[33m.[39mname [33m===[39m 
[32m'ValidationError'[39m) {
     [90m 7 |[39m     [36mreturn[39m 
res[33m.[39mstatus([35m400[39m)[33m.[39mjson({[0m

      at errorHandler (src/middleware/errorHandler.ts:4:11)
      at Object.<anonymous> (src/__tests__/unit/errorHandler.test.ts:186:5)

    console.error
      Error: Test error
          at Object.<anonymous> (C:\Users\A S P I R E 
7\Desktop\New\backend\src\__tests__\unit\errorHandler.test.ts:8:11)
          at Promise.then.completed (C:\Users\A S P I R E 
7\Desktop\New\backend\node_modules\jest-circus\build\utils.js:298:28)
          at new Promise (<anonymous>)
          at callAsyncCircusFn (C:\Users\A S P I R E 
7\Desktop\New\backend\node_modules\jest-circus\build\utils.js:231:10)
          at _callCircusHook (C:\Users\A S P I R E 
7\Desktop\New\backend\node_modules\jest-circus\build\run.js:281:40)
          at processTicksAndRejections 
(node:internal/process/task_queues:105:5)
          at _runTest (C:\Users\A S P I R E 
7\Desktop\New\backend\node_modules\jest-circus\build\run.js:246:5)
          at _runTestsForDescribeBlock (C:\Users\A S P I R E 
7\Desktop\New\backend\node_modules\jest-circus\build\run.js:126:9)
          at _runTestsForDescribeBlock (C:\Users\A S P I R E 
7\Desktop\New\backend\node_modules\jest-circus\build\run.js:121:9)
          at run (C:\Users\A S P I R E 
7\Desktop\New\backend\node_modules\jest-circus\build\run.js:71:3)
          at runAndTransformResultsToJestFormat (C:\Users\A S P I R E 7\Desktop
\New\backend\node_modules\jest-circus\build\legacy-code-todo-rewrite\jestAdapte
rInit.js:122:21)
          at jestAdapter (C:\Users\A S P I R E 7\Desktop\New\backend\node_modul
es\jest-circus\build\legacy-code-todo-rewrite\jestAdapter.js:79:19)
          at runTestInternal (C:\Users\A S P I R E 
7\Desktop\New\backend\node_modules\jest-runner\build\runTest.js:367:16)
          at runTest (C:\Users\A S P I R E 
7\Desktop\New\backend\node_modules\jest-runner\build\runTest.js:444:34)
          at Object.worker (C:\Users\A S P I R E 
7\Desktop\New\backend\node_modules\jest-runner\build\testWorker.js:106:12)

    [0m [90m 2 |[39m
     [90m 3 |[39m [36mconst[39m errorHandler [33m=[39m (err[33m:[39m 
any[33m,[39m req[33m:[39m [33mRequest[39m[33m,[39m res[33m:[39m 
[33mResponse[39m[33m,[39m next[33m:[39m [33mNextFunction[39m) 
[33m=>[39m {
    [31m[1m>[22m[39m[90m 4 |[39m   
console[33m.[39merror(err[33m.[39mstack)[33m;[39m
     [90m   |[39m           [31m[1m^[22m[39m
     [90m 5 |[39m
     [90m 6 |[39m   [36mif[39m (err[33m.[39mname [33m===[39m 
[32m'ValidationError'[39m) {
     [90m 7 |[39m     [36mreturn[39m 
res[33m.[39mstatus([35m400[39m)[33m.[39mjson({[0m

      at errorHandler (src/middleware/errorHandler.ts:4:11)
      at Object.<anonymous> (src/__tests__/unit/errorHandler.test.ts:194:5)

    console.error
      Error: Unauthorized
          at Object.<anonymous> (C:\Users\A S P I R E 
7\Desktop\New\backend\src\__tests__\unit\errorHandler.test.ts:8:11)
          at Promise.then.completed (C:\Users\A S P I R E 
7\Desktop\New\backend\node_modules\jest-circus\build\utils.js:298:28)
          at new Promise (<anonymous>)
          at callAsyncCircusFn (C:\Users\A S P I R E 
7\Desktop\New\backend\node_modules\jest-circus\build\utils.js:231:10)
          at _callCircusHook (C:\Users\A S P I R E 
7\Desktop\New\backend\node_modules\jest-circus\build\run.js:281:40)
          at processTicksAndRejections 
(node:internal/process/task_queues:105:5)
          at _runTest (C:\Users\A S P I R E 
7\Desktop\New\backend\node_modules\jest-circus\build\run.js:246:5)
          at _runTestsForDescribeBlock (C:\Users\A S P I R E 
7\Desktop\New\backend\node_modules\jest-circus\build\run.js:126:9)
          at _runTestsForDescribeBlock (C:\Users\A S P I R E 
7\Desktop\New\backend\node_modules\jest-circus\build\run.js:121:9)
          at run (C:\Users\A S P I R E 
7\Desktop\New\backend\node_modules\jest-circus\build\run.js:71:3)
          at runAndTransformResultsToJestFormat (C:\Users\A S P I R E 7\Desktop
\New\backend\node_modules\jest-circus\build\legacy-code-todo-rewrite\jestAdapte
rInit.js:122:21)
          at jestAdapter (C:\Users\A S P I R E 7\Desktop\New\backend\node_modul
es\jest-circus\build\legacy-code-todo-rewrite\jestAdapter.js:79:19)
          at runTestInternal (C:\Users\A S P I R E 
7\Desktop\New\backend\node_modules\jest-runner\build\runTest.js:367:16)
          at runTest (C:\Users\A S P I R E 
7\Desktop\New\backend\node_modules\jest-runner\build\runTest.js:444:34)
          at Object.worker (C:\Users\A S P I R E 
7\Desktop\New\backend\node_modules\jest-runner\build\testWorker.js:106:12)

    [0m [90m 2 |[39m
     [90m 3 |[39m [36mconst[39m errorHandler [33m=[39m (err[33m:[39m 
any[33m,[39m req[33m:[39m [33mRequest[39m[33m,[39m res[33m:[39m 
[33mResponse[39m[33m,[39m next[33m:[39m [33mNextFunction[39m) 
[33m=>[39m {
    [31m[1m>[22m[39m[90m 4 |[39m   
console[33m.[39merror(err[33m.[39mstack)[33m;[39m
     [90m   |[39m           [31m[1m^[22m[39m
     [90m 5 |[39m
     [90m 6 |[39m   [36mif[39m (err[33m.[39mname [33m===[39m 
[32m'ValidationError'[39m) {
     [90m 7 |[39m     [36mreturn[39m 
res[33m.[39mstatus([35m400[39m)[33m.[39mjson({[0m

      at errorHandler (src/middleware/errorHandler.ts:4:11)
      at Object.<anonymous> (src/__tests__/unit/errorHandler.test.ts:205:5)

    console.error
      Error: Access Denied
          at Object.<anonymous> (C:\Users\A S P I R E 
7\Desktop\New\backend\src\__tests__\unit\errorHandler.test.ts:8:11)
          at Promise.then.completed (C:\Users\A S P I R E 
7\Desktop\New\backend\node_modules\jest-circus\build\utils.js:298:28)
          at new Promise (<anonymous>)
          at callAsyncCircusFn (C:\Users\A S P I R E 
7\Desktop\New\backend\node_modules\jest-circus\build\utils.js:231:10)
          at _callCircusHook (C:\Users\A S P I R E 
7\Desktop\New\backend\node_modules\jest-circus\build\run.js:281:40)
          at processTicksAndRejections 
(node:internal/process/task_queues:105:5)
          at _runTest (C:\Users\A S P I R E 
7\Desktop\New\backend\node_modules\jest-circus\build\run.js:246:5)
          at _runTestsForDescribeBlock (C:\Users\A S P I R E 
7\Desktop\New\backend\node_modules\jest-circus\build\run.js:126:9)
          at _runTestsForDescribeBlock (C:\Users\A S P I R E 
7\Desktop\New\backend\node_modules\jest-circus\build\run.js:121:9)
          at run (C:\Users\A S P I R E 
7\Desktop\New\backend\node_modules\jest-circus\build\run.js:71:3)
          at runAndTransformResultsToJestFormat (C:\Users\A S P I R E 7\Desktop
\New\backend\node_modules\jest-circus\build\legacy-code-todo-rewrite\jestAdapte
rInit.js:122:21)
          at jestAdapter (C:\Users\A S P I R E 7\Desktop\New\backend\node_modul
es\jest-circus\build\legacy-code-todo-rewrite\jestAdapter.js:79:19)
          at runTestInternal (C:\Users\A S P I R E 
7\Desktop\New\backend\node_modules\jest-runner\build\runTest.js:367:16)
          at runTest (C:\Users\A S P I R E 
7\Desktop\New\backend\node_modules\jest-runner\build\runTest.js:444:34)
          at Object.worker (C:\Users\A S P I R E 
7\Desktop\New\backend\node_modules\jest-runner\build\testWorker.js:106:12)

    [0m [90m 2 |[39m
     [90m 3 |[39m [36mconst[39m errorHandler [33m=[39m (err[33m:[39m 
any[33m,[39m req[33m:[39m [33mRequest[39m[33m,[39m res[33m:[39m 
[33mResponse[39m[33m,[39m next[33m:[39m [33mNextFunction[39m) 
[33m=>[39m {
    [31m[1m>[22m[39m[90m 4 |[39m   
console[33m.[39merror(err[33m.[39mstack)[33m;[39m
     [90m   |[39m           [31m[1m^[22m[39m
     [90m 5 |[39m
     [90m 6 |[39m   [36mif[39m (err[33m.[39mname [33m===[39m 
[32m'ValidationError'[39m) {
     [90m 7 |[39m     [36mreturn[39m 
res[33m.[39mstatus([35m400[39m)[33m.[39mjson({[0m

      at errorHandler (src/middleware/errorHandler.ts:4:11)
      at Object.<anonymous> (src/__tests__/unit/errorHandler.test.ts:214:5)

    console.error
      Error: Resource not found
          at Object.<anonymous> (C:\Users\A S P I R E 
7\Desktop\New\backend\src\__tests__\unit\errorHandler.test.ts:8:11)
          at Promise.then.completed (C:\Users\A S P I R E 
7\Desktop\New\backend\node_modules\jest-circus\build\utils.js:298:28)
          at new Promise (<anonymous>)
          at callAsyncCircusFn (C:\Users\A S P I R E 
7\Desktop\New\backend\node_modules\jest-circus\build\utils.js:231:10)
          at _callCircusHook (C:\Users\A S P I R E 
7\Desktop\New\backend\node_modules\jest-circus\build\run.js:281:40)
          at processTicksAndRejections 
(node:internal/process/task_queues:105:5)
          at _runTest (C:\Users\A S P I R E 
7\Desktop\New\backend\node_modules\jest-circus\build\run.js:246:5)
          at _runTestsForDescribeBlock (C:\Users\A S P I R E 
7\Desktop\New\backend\node_modules\jest-circus\build\run.js:126:9)
          at _runTestsForDescribeBlock (C:\Users\A S P I R E 
7\Desktop\New\backend\node_modules\jest-circus\build\run.js:121:9)
          at run (C:\Users\A S P I R E 
7\Desktop\New\backend\node_modules\jest-circus\build\run.js:71:3)
          at runAndTransformResultsToJestFormat (C:\Users\A S P I R E 7\Desktop
\New\backend\node_modules\jest-circus\build\legacy-code-todo-rewrite\jestAdapte
rInit.js:122:21)
          at jestAdapter (C:\Users\A S P I R E 7\Desktop\New\backend\node_modul
es\jest-circus\build\legacy-code-todo-rewrite\jestAdapter.js:79:19)
          at runTestInternal (C:\Users\A S P I R E 
7\Desktop\New\backend\node_modules\jest-runner\build\runTest.js:367:16)
          at runTest (C:\Users\A S P I R E 
7\Desktop\New\backend\node_modules\jest-runner\build\runTest.js:444:34)
          at Object.worker (C:\Users\A S P I R E 
7\Desktop\New\backend\node_modules\jest-runner\build\testWorker.js:106:12)

    [0m [90m 2 |[39m
     [90m 3 |[39m [36mconst[39m errorHandler [33m=[39m (err[33m:[39m 
any[33m,[39m req[33m:[39m [33mRequest[39m[33m,[39m res[33m:[39m 
[33mResponse[39m[33m,[39m next[33m:[39m [33mNextFunction[39m) 
[33m=>[39m {
    [31m[1m>[22m[39m[90m 4 |[39m   
console[33m.[39merror(err[33m.[39mstack)[33m;[39m
     [90m   |[39m           [31m[1m^[22m[39m
     [90m 5 |[39m
     [90m 6 |[39m   [36mif[39m (err[33m.[39mname [33m===[39m 
[32m'ValidationError'[39m) {
     [90m 7 |[39m     [36mreturn[39m 
res[33m.[39mstatus([35m400[39m)[33m.[39mjson({[0m

      at errorHandler (src/middleware/errorHandler.ts:4:11)
      at Object.<anonymous> (src/__tests__/unit/errorHandler.test.ts:223:5)

    console.error
      Error: Resource conflict
          at Object.<anonymous> (C:\Users\A S P I R E 
7\Desktop\New\backend\src\__tests__\unit\errorHandler.test.ts:8:11)
          at Promise.then.completed (C:\Users\A S P I R E 
7\Desktop\New\backend\node_modules\jest-circus\build\utils.js:298:28)
          at new Promise (<anonymous>)
          at callAsyncCircusFn (C:\Users\A S P I R E 
7\Desktop\New\backend\node_modules\jest-circus\build\utils.js:231:10)
          at _callCircusHook (C:\Users\A S P I R E 
7\Desktop\New\backend\node_modules\jest-circus\build\run.js:281:40)
          at processTicksAndRejections 
(node:internal/process/task_queues:105:5)
          at _runTest (C:\Users\A S P I R E 
7\Desktop\New\backend\node_modules\jest-circus\build\run.js:246:5)
          at _runTestsForDescribeBlock (C:\Users\A S P I R E 
7\Desktop\New\backend\node_modules\jest-circus\build\run.js:126:9)
          at _runTestsForDescribeBlock (C:\Users\A S P I R E 
7\Desktop\New\backend\node_modules\jest-circus\build\run.js:121:9)
          at run (C:\Users\A S P I R E 
7\Desktop\New\backend\node_modules\jest-circus\build\run.js:71:3)
          at runAndTransformResultsToJestFormat (C:\Users\A S P I R E 7\Desktop
\New\backend\node_modules\jest-circus\build\legacy-code-todo-rewrite\jestAdapte
rInit.js:122:21)
          at jestAdapter (C:\Users\A S P I R E 7\Desktop\New\backend\node_modul
es\jest-circus\build\legacy-code-todo-rewrite\jestAdapter.js:79:19)
          at runTestInternal (C:\Users\A S P I R E 
7\Desktop\New\backend\node_modules\jest-runner\build\runTest.js:367:16)
          at runTest (C:\Users\A S P I R E 
7\Desktop\New\backend\node_modules\jest-runner\build\runTest.js:444:34)
          at Object.worker (C:\Users\A S P I R E 
7\Desktop\New\backend\node_modules\jest-runner\build\testWorker.js:106:12)

    [0m [90m 2 |[39m
     [90m 3 |[39m [36mconst[39m errorHandler [33m=[39m (err[33m:[39m 
any[33m,[39m req[33m:[39m [33mRequest[39m[33m,[39m res[33m:[39m 
[33mResponse[39m[33m,[39m next[33m:[39m [33mNextFunction[39m) 
[33m=>[39m {
    [31m[1m>[22m[39m[90m 4 |[39m   
console[33m.[39merror(err[33m.[39mstack)[33m;[39m
     [90m   |[39m           [31m[1m^[22m[39m
     [90m 5 |[39m
     [90m 6 |[39m   [36mif[39m (err[33m.[39mname [33m===[39m 
[32m'ValidationError'[39m) {
     [90m 7 |[39m     [36mreturn[39m 
res[33m.[39mstatus([35m400[39m)[33m.[39mjson({[0m

      at errorHandler (src/middleware/errorHandler.ts:4:11)
      at Object.<anonymous> (src/__tests__/unit/errorHandler.test.ts:232:5)

    console.error
      Error: Internal server error
          at Object.<anonymous> (C:\Users\A S P I R E 
7\Desktop\New\backend\src\__tests__\unit\errorHandler.test.ts:8:11)
          at Promise.then.completed (C:\Users\A S P I R E 
7\Desktop\New\backend\node_modules\jest-circus\build\utils.js:298:28)
          at new Promise (<anonymous>)
          at callAsyncCircusFn (C:\Users\A S P I R E 
7\Desktop\New\backend\node_modules\jest-circus\build\utils.js:231:10)
          at _callCircusHook (C:\Users\A S P I R E 
7\Desktop\New\backend\node_modules\jest-circus\build\run.js:281:40)
          at processTicksAndRejections 
(node:internal/process/task_queues:105:5)
          at _runTest (C:\Users\A S P I R E 
7\Desktop\New\backend\node_modules\jest-circus\build\run.js:246:5)
          at _runTestsForDescribeBlock (C:\Users\A S P I R E 
7\Desktop\New\backend\node_modules\jest-circus\build\run.js:126:9)
          at _runTestsForDescribeBlock (C:\Users\A S P I R E 
7\Desktop\New\backend\node_modules\jest-circus\build\run.js:121:9)
          at run (C:\Users\A S P I R E 
7\Desktop\New\backend\node_modules\jest-circus\build\run.js:71:3)
          at runAndTransformResultsToJestFormat (C:\Users\A S P I R E 7\Desktop
\New\backend\node_modules\jest-circus\build\legacy-code-todo-rewrite\jestAdapte
rInit.js:122:21)
          at jestAdapter (C:\Users\A S P I R E 7\Desktop\New\backend\node_modul
es\jest-circus\build\legacy-code-todo-rewrite\jestAdapter.js:79:19)
          at runTestInternal (C:\Users\A S P I R E 
7\Desktop\New\backend\node_modules\jest-runner\build\runTest.js:367:16)
          at runTest (C:\Users\A S P I R E 
7\Desktop\New\backend\node_modules\jest-runner\build\runTest.js:444:34)
          at Object.worker (C:\Users\A S P I R E 
7\Desktop\New\backend\node_modules\jest-runner\build\testWorker.js:106:12)

    [0m [90m 2 |[39m
     [90m 3 |[39m [36mconst[39m errorHandler [33m=[39m (err[33m:[39m 
any[33m,[39m req[33m:[39m [33mRequest[39m[33m,[39m res[33m:[39m 
[33mResponse[39m[33m,[39m next[33m:[39m [33mNextFunction[39m) 
[33m=>[39m {
    [31m[1m>[22m[39m[90m 4 |[39m   
console[33m.[39merror(err[33m.[39mstack)[33m;[39m
     [90m   |[39m           [31m[1m^[22m[39m
     [90m 5 |[39m
     [90m 6 |[39m   [36mif[39m (err[33m.[39mname [33m===[39m 
[32m'ValidationError'[39m) {
     [90m 7 |[39m     [36mreturn[39m 
res[33m.[39mstatus([35m400[39m)[33m.[39mjson({[0m

      at errorHandler (src/middleware/errorHandler.ts:4:11)
      at Object.<anonymous> (src/__tests__/unit/errorHandler.test.ts:241:5)

PASS src/__tests__/unit/employee.test.ts (15.535 s)
PASS src/__tests__/unit/foodValidators.test.ts (15.779 s)
PASS src/__tests__/unit/helpers.test.ts (15.742 s)
PASS src/__tests__/unit/orderValidators.test.ts (15.948 s)
PASS src/__tests__/unit/authValidators.test.ts (15.909 s)
FAIL src/__tests__/integration/aboutUs.comprehensive.test.ts
  ΓùÅ Test suite failed to run

    [96msrc/__tests__/integration/aboutUs.comprehensive.test.ts[0m:[93m4[0m
:[93m8[0m - [91merror[0m[90m TS1192: [0mModule '"C:/Users/A S P I R E 
7/Desktop/New/backend/src/app"' has no default export.

    [7m4[0m import app from '../../app';
    [7m [0m [91m       ~~~[0m
    [96msrc/__tests__/integration/aboutUs.comprehensive.test.ts[0m:[93m7[0m
:[93m10[0m - [91merror[0m[90m TS2459: [0mModule '"../../utils/helpers"' 
declares 'generateToken' locally, but it is not exported.

    [7m7[0m import { generateToken } from '../../utils/helpers';
    [7m [0m [91m         ~~~~~~~~~~~~~[0m

      [96msrc/utils/helpers.ts[0m:[93m5[0m:[93m7[0m
        [7m5[0m const generateToken = (userId, role) => {
        [7m [0m [96m      ~~~~~~~~~~~~~[0m
        'generateToken' is declared here.

FAIL src/__tests__/integration/employee.comprehensive.test.ts
  ΓùÅ Test suite failed to run

    [96msrc/__tests__/integration/employee.comprehensive.test.ts[0m:[93m4[0
m:[93m8[0m - [91merror[0m[90m TS1192: [0mModule '"C:/Users/A S P I R E 
7/Desktop/New/backend/src/app"' has no default export.

    [7m4[0m import app from '../../app';
    [7m [0m [91m       ~~~[0m
    [96msrc/__tests__/integration/employee.comprehensive.test.ts[0m:[93m7[0
m:[93m10[0m - [91merror[0m[90m TS2459: [0mModule '"../../utils/helpers"' 
declares 'generateToken' locally, but it is not exported.

    [7m7[0m import { generateToken } from '../../utils/helpers';
    [7m [0m [91m         ~~~~~~~~~~~~~[0m

      [96msrc/utils/helpers.ts[0m:[93m5[0m:[93m7[0m
        [7m5[0m const generateToken = (userId, role) => {
        [7m [0m [96m      ~~~~~~~~~~~~~[0m
        'generateToken' is declared here.

FAIL src/__tests__/integration/admin.comprehensive.test.ts
  ΓùÅ Test suite failed to run

    [96msrc/__tests__/integration/admin.comprehensive.test.ts[0m:[93m4[0m:
[93m8[0m - [91merror[0m[90m TS1192: [0mModule '"C:/Users/A S P I R E 
7/Desktop/New/backend/src/app"' has no default export.

    [7m4[0m import app from '../../app';
    [7m [0m [91m       ~~~[0m
    [96msrc/__tests__/integration/admin.comprehensive.test.ts[0m:[93m8[0m:
[93m10[0m - [91merror[0m[90m TS2459: [0mModule '"../../utils/helpers"' 
declares 'generateToken' locally, but it is not exported.

    [7m8[0m import { generateToken } from '../../utils/helpers';
    [7m [0m [91m         ~~~~~~~~~~~~~[0m

      [96msrc/utils/helpers.ts[0m:[93m5[0m:[93m7[0m
        [7m5[0m const generateToken = (userId, role) => {
        [7m [0m [96m      ~~~~~~~~~~~~~[0m
        'generateToken' is declared here.

(node:32640) [DEP0040] DeprecationWarning: The `punycode` module is 
deprecated. Please use a userland alternative instead.
(Use `node --trace-deprecation ...` to show where the warning was created)
(node:31984) [DEP0040] DeprecationWarning: The `punycode` module is 
deprecated. Please use a userland alternative instead.
(Use `node --trace-deprecation ...` to show where the warning was created)
(node:31352) [DEP0040] DeprecationWarning: The `punycode` module is 
deprecated. Please use a userland alternative instead.
(Use `node --trace-deprecation ...` to show where the warning was created)
(node:25136) [DEP0040] DeprecationWarning: The `punycode` module is 
deprecated. Please use a userland alternative instead.
(Use `node --trace-deprecation ...` to show where the warning was created)
PASS src/__tests__/integration/orderTracking.test.ts (20.674 s)
  ΓùÅ Console

    console.log
      Welcome email skipped (test mode): testuser@example.com

      at Object.<anonymous>.exports.sendWelcomeEmail 
(src/utils/emailService.ts:88:13)

    console.log
      Welcome email skipped (test mode): testuser@example.com

      at Object.<anonymous>.exports.sendWelcomeEmail 
(src/utils/emailService.ts:88:13)

    console.log
      Welcome email skipped (test mode): testuser@example.com

      at Object.<anonymous>.exports.sendWelcomeEmail 
(src/utils/emailService.ts:88:13)

    console.log
      Welcome email skipped (test mode): testuser@example.com

      at Object.<anonymous>.exports.sendWelcomeEmail 
(src/utils/emailService.ts:88:13)

    console.log
      Welcome email skipped (test mode): testuser@example.com

      at Object.<anonymous>.exports.sendWelcomeEmail 
(src/utils/emailService.ts:88:13)

    console.log
      Welcome email skipped (test mode): testuser@example.com

      at Object.<anonymous>.exports.sendWelcomeEmail 
(src/utils/emailService.ts:88:13)

    console.log
      Welcome email skipped (test mode): testuser@example.com

      at Object.<anonymous>.exports.sendWelcomeEmail 
(src/utils/emailService.ts:88:13)

    console.log
      Welcome email skipped (test mode): testuser@example.com

      at Object.<anonymous>.exports.sendWelcomeEmail 
(src/utils/emailService.ts:88:13)

    console.log
      Welcome email skipped (test mode): testuser@example.com

      at Object.<anonymous>.exports.sendWelcomeEmail 
(src/utils/emailService.ts:88:13)

    console.log
      Welcome email skipped (test mode): testuser@example.com

      at Object.<anonymous>.exports.sendWelcomeEmail 
(src/utils/emailService.ts:88:13)

    console.log
      Welcome email skipped (test mode): testuser@example.com

      at Object.<anonymous>.exports.sendWelcomeEmail 
(src/utils/emailService.ts:88:13)

    console.log
      Welcome email skipped (test mode): testuser@example.com

      at Object.<anonymous>.exports.sendWelcomeEmail 
(src/utils/emailService.ts:88:13)

    console.log
      Welcome email skipped (test mode): testuser@example.com

      at Object.<anonymous>.exports.sendWelcomeEmail 
(src/utils/emailService.ts:88:13)

PASS src/__tests__/integration/users.test.ts (22.321 s)
PASS src/__tests__/integration/foodAndOrders.test.ts (23.665 s)
PASS src/__tests__/integration/auth.test.ts (30.129 s)
  ΓùÅ Console

    console.log
      Welcome email skipped (test mode): john@example.com

      at Object.<anonymous>.exports.sendWelcomeEmail 
(src/utils/emailService.ts:88:13)

    console.log
      Password reset email sent: 
<c2cbf9b9-40c2-a01c-2b3a-3ea76f0fd762@gmail.com>

      at Object.<anonymous>.exports.sendPasswordResetEmail 
(src/utils/emailService.ts:76:13)

    console.log
      Password reset email sent: 
<ff4d702b-56ae-8d20-6208-815f347e98de@gmail.com>

      at Object.<anonymous>.exports.sendPasswordResetEmail 
(src/utils/emailService.ts:76:13)


Test Suites: 5 failed, 13 passed, 18 total
Tests:       273 passed, 273 total
Snapshots:   0 total
Time:        31.361 s
Ran all test suites.
